<!doctype html public "-//w3c//dtd html 4.0 transitional//en">
<html><head>
<title>Static Call Graph - [.\Output\Application.axf]</title></head>
<body><HR>
<H1>Static Call Graph for image .\Output\Application.axf</H1><HR>
<BR><P>#&#060CALLGRAPH&#062# ARM Linker, 6220000: Last Updated: Thu Jan 23 16:08:34 2025
<BR><P>
<H3>Maximum Stack Usage =       2328 bytes + Unknown(Functions without stacksize, Cycles, Untraceable Function Pointers)</H3><H3>
Call chain for Maximum Stack Depth:</H3>
DMA2_Stream0_IRQHandler &rArr; HAL_DMA_IRQHandler
<P>
<H3>
Functions with no stack information
</H3><UL>
 <LI><a href="#[388]">__user_initial_stackheap</a>
</UL>
</UL>
<P>
<H3>
Mutually Recursive functions
</H3> <LI><a href="#[2a]">ADC_IRQHandler</a>&nbsp;&nbsp;&nbsp;&rArr;&nbsp;&nbsp;&nbsp;<a href="#[2a]">ADC_IRQHandler</a><BR>
</UL>
<P>
<H3>
Function Pointers
</H3><UL>
 <LI><a href="#[52]">ADC_DMAConvCplt</a> from stm32f4xx_hal_adc.o(.text) referenced 2 times from stm32f4xx_hal_adc.o(.text)
 <LI><a href="#[54]">ADC_DMAError</a> from stm32f4xx_hal_adc.o(.text) referenced 2 times from stm32f4xx_hal_adc.o(.text)
 <LI><a href="#[53]">ADC_DMAHalfConvCplt</a> from stm32f4xx_hal_adc.o(.text) referenced 2 times from stm32f4xx_hal_adc.o(.text)
 <LI><a href="#[2a]">ADC_IRQHandler</a> from startup_stm32f401xc.o(.text) referenced from startup_stm32f401xc.o(RESET)
 <LI><a href="#[55]">ADC_MultiModeDMAConvCplt</a> from stm32f4xx_hal_adc_ex.o(.text) referenced 2 times from stm32f4xx_hal_adc_ex.o(.text)
 <LI><a href="#[57]">ADC_MultiModeDMAError</a> from stm32f4xx_hal_adc_ex.o(.text) referenced 2 times from stm32f4xx_hal_adc_ex.o(.text)
 <LI><a href="#[56]">ADC_MultiModeDMAHalfConvCplt</a> from stm32f4xx_hal_adc_ex.o(.text) referenced 2 times from stm32f4xx_hal_adc_ex.o(.text)
 <LI><a href="#[12]">BusFault_Handler</a> from stm32f4xx_it.o(.text) referenced from startup_stm32f401xc.o(RESET)
 <LI><a href="#[23]">DMA1_Stream0_IRQHandler</a> from startup_stm32f401xc.o(.text) referenced from startup_stm32f401xc.o(RESET)
 <LI><a href="#[24]">DMA1_Stream1_IRQHandler</a> from startup_stm32f401xc.o(.text) referenced from startup_stm32f401xc.o(RESET)
 <LI><a href="#[25]">DMA1_Stream2_IRQHandler</a> from startup_stm32f401xc.o(.text) referenced from startup_stm32f401xc.o(RESET)
 <LI><a href="#[26]">DMA1_Stream3_IRQHandler</a> from startup_stm32f401xc.o(.text) referenced from startup_stm32f401xc.o(RESET)
 <LI><a href="#[27]">DMA1_Stream4_IRQHandler</a> from startup_stm32f401xc.o(.text) referenced from startup_stm32f401xc.o(RESET)
 <LI><a href="#[28]">DMA1_Stream5_IRQHandler</a> from startup_stm32f401xc.o(.text) referenced from startup_stm32f401xc.o(RESET)
 <LI><a href="#[29]">DMA1_Stream6_IRQHandler</a> from startup_stm32f401xc.o(.text) referenced from startup_stm32f401xc.o(RESET)
 <LI><a href="#[3e]">DMA1_Stream7_IRQHandler</a> from startup_stm32f401xc.o(.text) referenced from startup_stm32f401xc.o(RESET)
 <LI><a href="#[42]">DMA2_Stream0_IRQHandler</a> from stm32f4xx_it.o(.text) referenced from startup_stm32f401xc.o(RESET)
 <LI><a href="#[43]">DMA2_Stream1_IRQHandler</a> from startup_stm32f401xc.o(.text) referenced from startup_stm32f401xc.o(RESET)
 <LI><a href="#[44]">DMA2_Stream2_IRQHandler</a> from startup_stm32f401xc.o(.text) referenced from startup_stm32f401xc.o(RESET)
 <LI><a href="#[45]">DMA2_Stream3_IRQHandler</a> from startup_stm32f401xc.o(.text) referenced from startup_stm32f401xc.o(RESET)
 <LI><a href="#[46]">DMA2_Stream4_IRQHandler</a> from startup_stm32f401xc.o(.text) referenced from startup_stm32f401xc.o(RESET)
 <LI><a href="#[48]">DMA2_Stream5_IRQHandler</a> from startup_stm32f401xc.o(.text) referenced from startup_stm32f401xc.o(RESET)
 <LI><a href="#[49]">DMA2_Stream6_IRQHandler</a> from startup_stm32f401xc.o(.text) referenced from startup_stm32f401xc.o(RESET)
 <LI><a href="#[4a]">DMA2_Stream7_IRQHandler</a> from startup_stm32f401xc.o(.text) referenced from startup_stm32f401xc.o(RESET)
 <LI><a href="#[15]">DebugMon_Handler</a> from stm32f4xx_it.o(.text) referenced from startup_stm32f401xc.o(RESET)
 <LI><a href="#[1e]">EXTI0_IRQHandler</a> from stm32f4xx_it.o(.text) referenced from startup_stm32f401xc.o(RESET)
 <LI><a href="#[3b]">EXTI15_10_IRQHandler</a> from stm32f4xx_it.o(.text) referenced from startup_stm32f401xc.o(RESET)
 <LI><a href="#[1f]">EXTI1_IRQHandler</a> from startup_stm32f401xc.o(.text) referenced from startup_stm32f401xc.o(RESET)
 <LI><a href="#[20]">EXTI2_IRQHandler</a> from stm32f4xx_it.o(.text) referenced from startup_stm32f401xc.o(RESET)
 <LI><a href="#[21]">EXTI3_IRQHandler</a> from startup_stm32f401xc.o(.text) referenced from startup_stm32f401xc.o(RESET)
 <LI><a href="#[22]">EXTI4_IRQHandler</a> from startup_stm32f401xc.o(.text) referenced from startup_stm32f401xc.o(RESET)
 <LI><a href="#[2b]">EXTI9_5_IRQHandler</a> from stm32f4xx_it.o(.text) referenced from startup_stm32f401xc.o(RESET)
 <LI><a href="#[1c]">FLASH_IRQHandler</a> from startup_stm32f401xc.o(.text) referenced from startup_stm32f401xc.o(RESET)
 <LI><a href="#[4e]">FPU_IRQHandler</a> from startup_stm32f401xc.o(.text) referenced from startup_stm32f401xc.o(RESET)
 <LI><a href="#[6d]">HAL_TIMEx_DMACommutationCplt</a> from stm32f4xx_hal_tim_ex.o(.text) referenced 6 times from stm32f4xx_hal_tim.o(.text)
 <LI><a href="#[6c]">HAL_TIM_DMACaptureCplt</a> from stm32f4xx_hal_tim.o(.text) referenced 24 times from stm32f4xx_hal_tim.o(.text)
 <LI><a href="#[6b]">HAL_TIM_DMADelayPulseCplt</a> from stm32f4xx_hal_tim.o(.text) referenced 40 times from stm32f4xx_hal_tim.o(.text)
 <LI><a href="#[6a]">HAL_TIM_DMAError</a> from stm32f4xx_hal_tim.o(.text) referenced 80 times from stm32f4xx_hal_tim.o(.text)
 <LI><a href="#[10]">HardFault_Handler</a> from stm32f4xx_it.o(.text) referenced from startup_stm32f401xc.o(RESET)
 <LI><a href="#[34]">I2C1_ER_IRQHandler</a> from startup_stm32f401xc.o(.text) referenced from startup_stm32f401xc.o(RESET)
 <LI><a href="#[33]">I2C1_EV_IRQHandler</a> from startup_stm32f401xc.o(.text) referenced from startup_stm32f401xc.o(RESET)
 <LI><a href="#[36]">I2C2_ER_IRQHandler</a> from startup_stm32f401xc.o(.text) referenced from startup_stm32f401xc.o(RESET)
 <LI><a href="#[35]">I2C2_EV_IRQHandler</a> from startup_stm32f401xc.o(.text) referenced from startup_stm32f401xc.o(RESET)
 <LI><a href="#[4d]">I2C3_ER_IRQHandler</a> from startup_stm32f401xc.o(.text) referenced from startup_stm32f401xc.o(RESET)
 <LI><a href="#[4c]">I2C3_EV_IRQHandler</a> from startup_stm32f401xc.o(.text) referenced from startup_stm32f401xc.o(RESET)
 <LI><a href="#[59]">I2C_DMAError</a> from stm32f4xx_hal_i2c.o(.text) referenced 12 times from stm32f4xx_hal_i2c.o(.text)
 <LI><a href="#[5a]">I2C_DMAMasterReceiveCplt</a> from stm32f4xx_hal_i2c.o(.text) referenced 2 times from stm32f4xx_hal_i2c.o(.text)
 <LI><a href="#[58]">I2C_DMAMasterTransmitCplt</a> from stm32f4xx_hal_i2c.o(.text) referenced 2 times from stm32f4xx_hal_i2c.o(.text)
 <LI><a href="#[5e]">I2C_DMAMemReceiveCplt</a> from stm32f4xx_hal_i2c.o(.text) referenced 2 times from stm32f4xx_hal_i2c.o(.text)
 <LI><a href="#[5d]">I2C_DMAMemTransmitCplt</a> from stm32f4xx_hal_i2c.o(.text) referenced 2 times from stm32f4xx_hal_i2c.o(.text)
 <LI><a href="#[5c]">I2C_DMASlaveReceiveCplt</a> from stm32f4xx_hal_i2c.o(.text) referenced 2 times from stm32f4xx_hal_i2c.o(.text)
 <LI><a href="#[5b]">I2C_DMASlaveTransmitCplt</a> from stm32f4xx_hal_i2c.o(.text) referenced 2 times from stm32f4xx_hal_i2c.o(.text)
 <LI><a href="#[11]">MemManage_Handler</a> from stm32f4xx_it.o(.text) referenced from startup_stm32f401xc.o(RESET)
 <LI><a href="#[f]">NMI_Handler</a> from stm32f4xx_it.o(.text) referenced from startup_stm32f401xc.o(RESET)
 <LI><a href="#[47]">OTG_FS_IRQHandler</a> from stm32f4xx_it.o(.text) referenced from startup_stm32f401xc.o(RESET)
 <LI><a href="#[3d]">OTG_FS_WKUP_IRQHandler</a> from startup_stm32f401xc.o(.text) referenced from startup_stm32f401xc.o(RESET)
 <LI><a href="#[19]">PVD_IRQHandler</a> from startup_stm32f401xc.o(.text) referenced from startup_stm32f401xc.o(RESET)
 <LI><a href="#[16]">PendSV_Handler</a> from stm32f4xx_it.o(.text) referenced from startup_stm32f401xc.o(RESET)
 <LI><a href="#[1d]">RCC_IRQHandler</a> from startup_stm32f401xc.o(.text) referenced from startup_stm32f401xc.o(RESET)
 <LI><a href="#[3c]">RTC_Alarm_IRQHandler</a> from startup_stm32f401xc.o(.text) referenced from startup_stm32f401xc.o(RESET)
 <LI><a href="#[1b]">RTC_WKUP_IRQHandler</a> from startup_stm32f401xc.o(.text) referenced from startup_stm32f401xc.o(RESET)
 <LI><a href="#[e]">Reset_Handler</a> from startup_stm32f401xc.o(.text) referenced from startup_stm32f401xc.o(RESET)
 <LI><a href="#[3f]">SDIO_IRQHandler</a> from startup_stm32f401xc.o(.text) referenced from startup_stm32f401xc.o(RESET)
 <LI><a href="#[37]">SPI1_IRQHandler</a> from startup_stm32f401xc.o(.text) referenced from startup_stm32f401xc.o(RESET)
 <LI><a href="#[38]">SPI2_IRQHandler</a> from startup_stm32f401xc.o(.text) referenced from startup_stm32f401xc.o(RESET)
 <LI><a href="#[41]">SPI3_IRQHandler</a> from startup_stm32f401xc.o(.text) referenced from startup_stm32f401xc.o(RESET)
 <LI><a href="#[4f]">SPI4_IRQHandler</a> from startup_stm32f401xc.o(.text) referenced from startup_stm32f401xc.o(RESET)
 <LI><a href="#[61]">SPI_2LinesRxISR</a> from stm32f4xx_hal_spi.o(.text) referenced 2 times from stm32f4xx_hal_spi.o(.text)
 <LI><a href="#[64]">SPI_DMAError</a> from stm32f4xx_hal_spi.o(.text) referenced 6 times from stm32f4xx_hal_spi.o(.text)
 <LI><a href="#[65]">SPI_DMAHalfReceiveCplt</a> from stm32f4xx_hal_spi.o(.text) referenced 4 times from stm32f4xx_hal_spi.o(.text)
 <LI><a href="#[62]">SPI_DMAHalfTransmitCplt</a> from stm32f4xx_hal_spi.o(.text) referenced 2 times from stm32f4xx_hal_spi.o(.text)
 <LI><a href="#[67]">SPI_DMAHalfTransmitReceiveCplt</a> from stm32f4xx_hal_spi.o(.text) referenced 2 times from stm32f4xx_hal_spi.o(.text)
 <LI><a href="#[66]">SPI_DMAReceiveCplt</a> from stm32f4xx_hal_spi.o(.text) referenced 4 times from stm32f4xx_hal_spi.o(.text)
 <LI><a href="#[63]">SPI_DMATransmitCplt</a> from stm32f4xx_hal_spi.o(.text) referenced 2 times from stm32f4xx_hal_spi.o(.text)
 <LI><a href="#[68]">SPI_DMATransmitReceiveCplt</a> from stm32f4xx_hal_spi.o(.text) referenced 2 times from stm32f4xx_hal_spi.o(.text)
 <LI><a href="#[60]">SPI_RxISR</a> from stm32f4xx_hal_spi.o(.text) referenced 2 times from stm32f4xx_hal_spi.o(.text)
 <LI><a href="#[5f]">SPI_TxISR</a> from stm32f4xx_hal_spi.o(.text) referenced 4 times from stm32f4xx_hal_spi.o(.text)
 <LI><a href="#[14]">SVC_Handler</a> from stm32f4xx_it.o(.text) referenced from startup_stm32f401xc.o(RESET)
 <LI><a href="#[17]">SysTick_Handler</a> from stm32f4xx_it.o(.text) referenced from startup_stm32f401xc.o(RESET)
 <LI><a href="#[50]">SystemInit</a> from system_stm32f4xx.o(.text) referenced from startup_stm32f401xc.o(.text)
 <LI><a href="#[1a]">TAMP_STAMP_IRQHandler</a> from startup_stm32f401xc.o(.text) referenced from startup_stm32f401xc.o(RESET)
 <LI><a href="#[2c]">TIM1_BRK_TIM9_IRQHandler</a> from startup_stm32f401xc.o(.text) referenced from startup_stm32f401xc.o(RESET)
 <LI><a href="#[2f]">TIM1_CC_IRQHandler</a> from startup_stm32f401xc.o(.text) referenced from startup_stm32f401xc.o(RESET)
 <LI><a href="#[2e]">TIM1_TRG_COM_TIM11_IRQHandler</a> from startup_stm32f401xc.o(.text) referenced from startup_stm32f401xc.o(RESET)
 <LI><a href="#[2d]">TIM1_UP_TIM10_IRQHandler</a> from startup_stm32f401xc.o(.text) referenced from startup_stm32f401xc.o(RESET)
 <LI><a href="#[30]">TIM2_IRQHandler</a> from stm32f4xx_it.o(.text) referenced from startup_stm32f401xc.o(RESET)
 <LI><a href="#[31]">TIM3_IRQHandler</a> from stm32f4xx_it.o(.text) referenced from startup_stm32f401xc.o(RESET)
 <LI><a href="#[32]">TIM4_IRQHandler</a> from stm32f4xx_it.o(.text) referenced from startup_stm32f401xc.o(RESET)
 <LI><a href="#[40]">TIM5_IRQHandler</a> from startup_stm32f401xc.o(.text) referenced from startup_stm32f401xc.o(RESET)
 <LI><a href="#[69]">TIM_DMAPeriodElapsedCplt</a> from stm32f4xx_hal_tim.o(.text) referenced 6 times from stm32f4xx_hal_tim.o(.text)
 <LI><a href="#[6e]">TIM_DMATriggerCplt</a> from stm32f4xx_hal_tim.o(.text) referenced 4 times from stm32f4xx_hal_tim.o(.text)
 <LI><a href="#[71]">UART_DMAError</a> from stm32f4xx_hal_uart.o(.text) referenced 4 times from stm32f4xx_hal_uart.o(.text)
 <LI><a href="#[72]">UART_DMAReceiveCplt</a> from stm32f4xx_hal_uart.o(.text) referenced 2 times from stm32f4xx_hal_uart.o(.text)
 <LI><a href="#[73]">UART_DMARxHalfCplt</a> from stm32f4xx_hal_uart.o(.text) referenced 2 times from stm32f4xx_hal_uart.o(.text)
 <LI><a href="#[6f]">UART_DMATransmitCplt</a> from stm32f4xx_hal_uart.o(.text) referenced 2 times from stm32f4xx_hal_uart.o(.text)
 <LI><a href="#[70]">UART_DMATxHalfCplt</a> from stm32f4xx_hal_uart.o(.text) referenced 2 times from stm32f4xx_hal_uart.o(.text)
 <LI><a href="#[39]">USART1_IRQHandler</a> from startup_stm32f401xc.o(.text) referenced from startup_stm32f401xc.o(RESET)
 <LI><a href="#[3a]">USART2_IRQHandler</a> from startup_stm32f401xc.o(.text) referenced from startup_stm32f401xc.o(RESET)
 <LI><a href="#[4b]">USART6_IRQHandler</a> from startup_stm32f401xc.o(.text) referenced from startup_stm32f401xc.o(RESET)
 <LI><a href="#[5]">USBD_HID_ConfigStrDescriptor</a> from usbd_desc.o(.text) referenced 2 times from usbd_desc.o(.data.HID_Desc)
 <LI><a href="#[a]">USBD_HID_DataIn</a> from usbd_hid.o(.text) referenced 2 times from usbd_hid.o(.data.USBD_HID)
 <LI><a href="#[b]">USBD_HID_DataOut</a> from usbd_hid.o(.text) referenced 2 times from usbd_hid.o(.data.USBD_HID)
 <LI><a href="#[8]">USBD_HID_DeInit</a> from usbd_hid.o(.text) referenced 2 times from usbd_hid.o(.data.USBD_HID)
 <LI><a href="#[0]">USBD_HID_DeviceDescriptor</a> from usbd_desc.o(.text) referenced 2 times from usbd_desc.o(.data.HID_Desc)
 <LI><a href="#[c]">USBD_HID_GetCfgDesc</a> from usbd_hid.o(.text) referenced 6 times from usbd_hid.o(.data.USBD_HID)
 <LI><a href="#[d]">USBD_HID_GetDeviceQualifierDesc</a> from usbd_hid.o(.text) referenced 2 times from usbd_hid.o(.data.USBD_HID)
 <LI><a href="#[7]">USBD_HID_Init</a> from usbd_hid.o(.text) referenced 2 times from usbd_hid.o(.data.USBD_HID)
 <LI><a href="#[6]">USBD_HID_InterfaceStrDescriptor</a> from usbd_desc.o(.text) referenced 2 times from usbd_desc.o(.data.HID_Desc)
 <LI><a href="#[1]">USBD_HID_LangIDStrDescriptor</a> from usbd_desc.o(.text) referenced 2 times from usbd_desc.o(.data.HID_Desc)
 <LI><a href="#[2]">USBD_HID_ManufacturerStrDescriptor</a> from usbd_desc.o(.text) referenced 2 times from usbd_desc.o(.data.HID_Desc)
 <LI><a href="#[3]">USBD_HID_ProductStrDescriptor</a> from usbd_desc.o(.text) referenced 2 times from usbd_desc.o(.data.HID_Desc)
 <LI><a href="#[4]">USBD_HID_SerialStrDescriptor</a> from usbd_desc.o(.text) referenced 2 times from usbd_desc.o(.data.HID_Desc)
 <LI><a href="#[9]">USBD_HID_Setup</a> from usbd_hid.o(.text) referenced 2 times from usbd_hid.o(.data.USBD_HID)
 <LI><a href="#[13]">UsageFault_Handler</a> from stm32f4xx_it.o(.text) referenced from startup_stm32f401xc.o(RESET)
 <LI><a href="#[18]">WWDG_IRQHandler</a> from startup_stm32f401xc.o(.text) referenced from startup_stm32f401xc.o(RESET)
 <LI><a href="#[51]">__main</a> from __main.o(!!!main) referenced from startup_stm32f401xc.o(.text)
 <LI><a href="#[79]">_get_lc_ctype</a> from lc_ctype_c.o(locale$$code) referenced from rt_ctype_table.o(.text)
 <LI><a href="#[78]">_printf_input_char</a> from _printf_char_common.o(.text) referenced from _printf_char_common.o(.text)
 <LI><a href="#[77]">_snputc</a> from _snputc.o(.text) referenced from snprintf.o(.text)
 <LI><a href="#[76]">generate_part_of_file</a> from httpd115.o(.text) referenced 2 times from httpd115.o(.text)
 <LI><a href="#[75]">generate_sys_stats</a> from httpd-cgi.o(.text) referenced 2 times from httpd-cgi.o(.text)
 <LI><a href="#[74]">nullfunction</a> from httpd-cgi.o(.text) referenced 2 times from httpd-cgi.o(.text)
 <LI><a href="#[7a]">sys_stats</a> from httpd-cgi.o(.text) referenced from httpd-cgi.o(.rodata.sys)
</UL>
<P>
<H3>
Global Symbols
</H3>
<P><STRONG><a name="[51]"></a>__main</STRONG> (Thumb, 8 bytes, Stack size 0 bytes, __main.o(!!!main))
<BR><BR>[Calls]<UL><LI><a href="#[7c]">&gt;&gt;</a>&nbsp;&nbsp;&nbsp;__rt_entry
<LI><a href="#[7b]">&gt;&gt;</a>&nbsp;&nbsp;&nbsp;__scatterload
</UL>
<BR>[Address Reference Count : 1]<UL><LI> startup_stm32f401xc.o(.text)
</UL>
<P><STRONG><a name="[7b]"></a>__scatterload</STRONG> (Thumb, 0 bytes, Stack size unknown bytes, __scatter.o(!!!scatter))
<BR><BR>[Called By]<UL><LI><a href="#[51]">&gt;&gt;</a>&nbsp;&nbsp;&nbsp;__main
</UL>

<P><STRONG><a name="[7d]"></a>__scatterload_rt2</STRONG> (Thumb, 84 bytes, Stack size unknown bytes, __scatter.o(!!!scatter), UNUSED)
<BR><BR>[Calls]<UL><LI><a href="#[7c]">&gt;&gt;</a>&nbsp;&nbsp;&nbsp;__rt_entry
</UL>

<P><STRONG><a name="[3a3]"></a>__scatterload_rt2_thumb_only</STRONG> (Thumb, 0 bytes, Stack size unknown bytes, __scatter.o(!!!scatter), UNUSED)

<P><STRONG><a name="[3a4]"></a>__scatterload_loop</STRONG> (Thumb, 0 bytes, Stack size unknown bytes, __scatter.o(!!!scatter), UNUSED)

<P><STRONG><a name="[3a5]"></a>__decompress</STRONG> (Thumb, 58 bytes, Stack size unknown bytes, __dczerorl.o(!!dczerorl), UNUSED)

<P><STRONG><a name="[3a6]"></a>__decompress0</STRONG> (Thumb, 0 bytes, Stack size unknown bytes, __dczerorl.o(!!dczerorl), UNUSED)

<P><STRONG><a name="[3a7]"></a>__scatterload_null</STRONG> (Thumb, 2 bytes, Stack size unknown bytes, __scatter.o(!!handler_null), UNUSED)

<P><STRONG><a name="[3a8]"></a>__scatterload_zeroinit</STRONG> (Thumb, 28 bytes, Stack size unknown bytes, __scatter_zi.o(!!handler_zi), UNUSED)

<P><STRONG><a name="[7e]"></a>_printf_n</STRONG> (Thumb, 0 bytes, Stack size unknown bytes, _printf_n.o(.ARM.Collect$$_printf_percent$$00000001))
<BR><BR>[Calls]<UL><LI><a href="#[7f]">&gt;&gt;</a>&nbsp;&nbsp;&nbsp;_printf_charcount
</UL>

<P><STRONG><a name="[377]"></a>_printf_percent</STRONG> (Thumb, 0 bytes, Stack size unknown bytes, _printf_percent.o(.ARM.Collect$$_printf_percent$$00000000))
<BR><BR>[Called By]<UL><LI><a href="#[370]">&gt;&gt;</a>&nbsp;&nbsp;&nbsp;__printf
</UL>

<P><STRONG><a name="[80]"></a>_printf_p</STRONG> (Thumb, 0 bytes, Stack size unknown bytes, _printf_p.o(.ARM.Collect$$_printf_percent$$00000002))
<BR><BR>[Stack]<UL><LI>Max Depth = 64 + Unknown Stack Size
<LI>Call Chain = _printf_p &rArr; _printf_hex_ptr &rArr; _printf_longlong_hex &rArr; _printf_int_common &rArr; _printf_post_padding
</UL>
<BR>[Calls]<UL><LI><a href="#[81]">&gt;&gt;</a>&nbsp;&nbsp;&nbsp;_printf_hex_ptr
</UL>

<P><STRONG><a name="[82]"></a>_printf_f</STRONG> (Thumb, 0 bytes, Stack size unknown bytes, _printf_f.o(.ARM.Collect$$_printf_percent$$00000003))
<BR><BR>[Stack]<UL><LI>Max Depth = 324 + Unknown Stack Size
<LI>Call Chain = _printf_f &rArr; _printf_fp_dec &rArr; _printf_fp_dec_real &rArr; _fp_digits &rArr; _btod_etento &rArr; _btod_emul &rArr; _e2e
</UL>
<BR>[Calls]<UL><LI><a href="#[83]">&gt;&gt;</a>&nbsp;&nbsp;&nbsp;_printf_fp_dec
</UL>

<P><STRONG><a name="[84]"></a>_printf_e</STRONG> (Thumb, 0 bytes, Stack size unknown bytes, _printf_e.o(.ARM.Collect$$_printf_percent$$00000004))
<BR><BR>[Stack]<UL><LI>Max Depth = 324 + Unknown Stack Size
<LI>Call Chain = _printf_e &rArr; _printf_fp_dec &rArr; _printf_fp_dec_real &rArr; _fp_digits &rArr; _btod_etento &rArr; _btod_emul &rArr; _e2e
</UL>
<BR>[Calls]<UL><LI><a href="#[83]">&gt;&gt;</a>&nbsp;&nbsp;&nbsp;_printf_fp_dec
</UL>

<P><STRONG><a name="[85]"></a>_printf_g</STRONG> (Thumb, 0 bytes, Stack size unknown bytes, _printf_g.o(.ARM.Collect$$_printf_percent$$00000005))
<BR><BR>[Stack]<UL><LI>Max Depth = 324 + Unknown Stack Size
<LI>Call Chain = _printf_g &rArr; _printf_fp_dec &rArr; _printf_fp_dec_real &rArr; _fp_digits &rArr; _btod_etento &rArr; _btod_emul &rArr; _e2e
</UL>
<BR>[Calls]<UL><LI><a href="#[83]">&gt;&gt;</a>&nbsp;&nbsp;&nbsp;_printf_fp_dec
</UL>

<P><STRONG><a name="[86]"></a>_printf_a</STRONG> (Thumb, 0 bytes, Stack size unknown bytes, _printf_a.o(.ARM.Collect$$_printf_percent$$00000006))
<BR><BR>[Stack]<UL><LI>Max Depth = 112 + Unknown Stack Size
<LI>Call Chain = _printf_a &rArr; _printf_fp_hex &rArr; _printf_fp_hex_real &rArr; _printf_fp_infnan &rArr; _printf_post_padding
</UL>
<BR>[Calls]<UL><LI><a href="#[87]">&gt;&gt;</a>&nbsp;&nbsp;&nbsp;_printf_fp_hex
</UL>

<P><STRONG><a name="[3a9]"></a>_printf_ll</STRONG> (Thumb, 0 bytes, Stack size unknown bytes, _printf_ll.o(.ARM.Collect$$_printf_percent$$00000007))

<P><STRONG><a name="[88]"></a>_printf_i</STRONG> (Thumb, 0 bytes, Stack size unknown bytes, _printf_i.o(.ARM.Collect$$_printf_percent$$00000008))
<BR><BR>[Stack]<UL><LI>Max Depth = 72 + Unknown Stack Size
<LI>Call Chain = _printf_i &rArr; _printf_int_dec &rArr; _printf_int_common &rArr; _printf_post_padding
</UL>
<BR>[Calls]<UL><LI><a href="#[89]">&gt;&gt;</a>&nbsp;&nbsp;&nbsp;_printf_int_dec
</UL>

<P><STRONG><a name="[8a]"></a>_printf_d</STRONG> (Thumb, 0 bytes, Stack size unknown bytes, _printf_d.o(.ARM.Collect$$_printf_percent$$00000009))
<BR><BR>[Stack]<UL><LI>Max Depth = 72 + Unknown Stack Size
<LI>Call Chain = _printf_d &rArr; _printf_int_dec &rArr; _printf_int_common &rArr; _printf_post_padding
</UL>
<BR>[Calls]<UL><LI><a href="#[89]">&gt;&gt;</a>&nbsp;&nbsp;&nbsp;_printf_int_dec
</UL>

<P><STRONG><a name="[8b]"></a>_printf_u</STRONG> (Thumb, 0 bytes, Stack size unknown bytes, _printf_u.o(.ARM.Collect$$_printf_percent$$0000000A))
<BR><BR>[Stack]<UL><LI>Max Depth = 72 + Unknown Stack Size
<LI>Call Chain = _printf_u &rArr; _printf_int_dec &rArr; _printf_int_common &rArr; _printf_post_padding
</UL>
<BR>[Calls]<UL><LI><a href="#[89]">&gt;&gt;</a>&nbsp;&nbsp;&nbsp;_printf_int_dec
</UL>

<P><STRONG><a name="[8c]"></a>_printf_o</STRONG> (Thumb, 0 bytes, Stack size unknown bytes, _printf_o.o(.ARM.Collect$$_printf_percent$$0000000B))
<BR><BR>[Stack]<UL><LI>Max Depth = 64 + Unknown Stack Size
<LI>Call Chain = _printf_o &rArr; _printf_int_oct &rArr; _printf_longlong_oct &rArr; _printf_int_common &rArr; _printf_post_padding
</UL>
<BR>[Calls]<UL><LI><a href="#[8d]">&gt;&gt;</a>&nbsp;&nbsp;&nbsp;_printf_int_oct
</UL>

<P><STRONG><a name="[8e]"></a>_printf_x</STRONG> (Thumb, 0 bytes, Stack size unknown bytes, _printf_x.o(.ARM.Collect$$_printf_percent$$0000000C))
<BR><BR>[Stack]<UL><LI>Max Depth = 80 + Unknown Stack Size
<LI>Call Chain = _printf_x &rArr; _printf_int_hex &rArr; _printf_longlong_hex &rArr; _printf_int_common &rArr; _printf_post_padding
</UL>
<BR>[Calls]<UL><LI><a href="#[8f]">&gt;&gt;</a>&nbsp;&nbsp;&nbsp;_printf_int_hex
</UL>

<P><STRONG><a name="[90]"></a>_printf_lli</STRONG> (Thumb, 0 bytes, Stack size unknown bytes, _printf_lli.o(.ARM.Collect$$_printf_percent$$0000000D))
<BR><BR>[Stack]<UL><LI>Max Depth = 72 + Unknown Stack Size
<LI>Call Chain = _printf_lli &rArr; _printf_longlong_dec &rArr; _printf_int_common &rArr; _printf_post_padding
</UL>
<BR>[Calls]<UL><LI><a href="#[91]">&gt;&gt;</a>&nbsp;&nbsp;&nbsp;_printf_longlong_dec
</UL>

<P><STRONG><a name="[92]"></a>_printf_lld</STRONG> (Thumb, 0 bytes, Stack size unknown bytes, _printf_lld.o(.ARM.Collect$$_printf_percent$$0000000E))
<BR><BR>[Stack]<UL><LI>Max Depth = 72 + Unknown Stack Size
<LI>Call Chain = _printf_lld &rArr; _printf_longlong_dec &rArr; _printf_int_common &rArr; _printf_post_padding
</UL>
<BR>[Calls]<UL><LI><a href="#[91]">&gt;&gt;</a>&nbsp;&nbsp;&nbsp;_printf_longlong_dec
</UL>

<P><STRONG><a name="[93]"></a>_printf_llu</STRONG> (Thumb, 0 bytes, Stack size unknown bytes, _printf_llu.o(.ARM.Collect$$_printf_percent$$0000000F))
<BR><BR>[Stack]<UL><LI>Max Depth = 72 + Unknown Stack Size
<LI>Call Chain = _printf_llu &rArr; _printf_longlong_dec &rArr; _printf_int_common &rArr; _printf_post_padding
</UL>
<BR>[Calls]<UL><LI><a href="#[91]">&gt;&gt;</a>&nbsp;&nbsp;&nbsp;_printf_longlong_dec
</UL>

<P><STRONG><a name="[94]"></a>_printf_llo</STRONG> (Thumb, 0 bytes, Stack size unknown bytes, _printf_llo.o(.ARM.Collect$$_printf_percent$$00000010))
<BR><BR>[Stack]<UL><LI>Max Depth = 56 + Unknown Stack Size
<LI>Call Chain = _printf_llo &rArr; _printf_ll_oct &rArr; _printf_longlong_oct &rArr; _printf_int_common &rArr; _printf_post_padding
</UL>
<BR>[Calls]<UL><LI><a href="#[95]">&gt;&gt;</a>&nbsp;&nbsp;&nbsp;_printf_ll_oct
</UL>

<P><STRONG><a name="[96]"></a>_printf_llx</STRONG> (Thumb, 0 bytes, Stack size unknown bytes, _printf_llx.o(.ARM.Collect$$_printf_percent$$00000011))
<BR><BR>[Stack]<UL><LI>Max Depth = 64 + Unknown Stack Size
<LI>Call Chain = _printf_llx &rArr; _printf_ll_hex &rArr; _printf_longlong_hex &rArr; _printf_int_common &rArr; _printf_post_padding
</UL>
<BR>[Calls]<UL><LI><a href="#[97]">&gt;&gt;</a>&nbsp;&nbsp;&nbsp;_printf_ll_hex
</UL>

<P><STRONG><a name="[3aa]"></a>_printf_l</STRONG> (Thumb, 0 bytes, Stack size unknown bytes, _printf_l.o(.ARM.Collect$$_printf_percent$$00000012))

<P><STRONG><a name="[98]"></a>_printf_c</STRONG> (Thumb, 0 bytes, Stack size unknown bytes, _printf_c.o(.ARM.Collect$$_printf_percent$$00000013))
<BR><BR>[Stack]<UL><LI>Max Depth = 40 + Unknown Stack Size
<LI>Call Chain = _printf_c &rArr; _printf_char &rArr; _printf_cs_common &rArr; _printf_str &rArr; _printf_post_padding
</UL>
<BR>[Calls]<UL><LI><a href="#[99]">&gt;&gt;</a>&nbsp;&nbsp;&nbsp;_printf_char
</UL>

<P><STRONG><a name="[9a]"></a>_printf_s</STRONG> (Thumb, 0 bytes, Stack size unknown bytes, _printf_s.o(.ARM.Collect$$_printf_percent$$00000014))
<BR><BR>[Stack]<UL><LI>Max Depth = 40 + Unknown Stack Size
<LI>Call Chain = _printf_s &rArr; _printf_string &rArr; _printf_cs_common &rArr; _printf_str &rArr; _printf_post_padding
</UL>
<BR>[Calls]<UL><LI><a href="#[9b]">&gt;&gt;</a>&nbsp;&nbsp;&nbsp;_printf_string
</UL>

<P><STRONG><a name="[9c]"></a>_printf_lc</STRONG> (Thumb, 0 bytes, Stack size unknown bytes, _printf_lc.o(.ARM.Collect$$_printf_percent$$00000015))
<BR><BR>[Stack]<UL><LI>Max Depth = 88 + Unknown Stack Size
<LI>Call Chain = _printf_lc &rArr; _printf_wchar &rArr; _printf_lcs_common &rArr; _printf_wctomb &rArr; _wcrtomb
</UL>
<BR>[Calls]<UL><LI><a href="#[9d]">&gt;&gt;</a>&nbsp;&nbsp;&nbsp;_printf_wchar
</UL>

<P><STRONG><a name="[9e]"></a>_printf_ls</STRONG> (Thumb, 0 bytes, Stack size unknown bytes, _printf_ls.o(.ARM.Collect$$_printf_percent$$00000016))
<BR><BR>[Stack]<UL><LI>Max Depth = 88 + Unknown Stack Size
<LI>Call Chain = _printf_ls &rArr; _printf_wstring &rArr; _printf_lcs_common &rArr; _printf_wctomb &rArr; _wcrtomb
</UL>
<BR>[Calls]<UL><LI><a href="#[9f]">&gt;&gt;</a>&nbsp;&nbsp;&nbsp;_printf_wstring
</UL>

<P><STRONG><a name="[3ab]"></a>_printf_percent_end</STRONG> (Thumb, 0 bytes, Stack size unknown bytes, _printf_percent_end.o(.ARM.Collect$$_printf_percent$$00000017))

<P><STRONG><a name="[ac]"></a>__rt_lib_init</STRONG> (Thumb, 0 bytes, Stack size unknown bytes, libinit.o(.ARM.Collect$$libinit$$00000000))
<BR><BR>[Called By]<UL><LI><a href="#[ab]">&gt;&gt;</a>&nbsp;&nbsp;&nbsp;__rt_entry_li
</UL>

<P><STRONG><a name="[a0]"></a>__rt_lib_init_fp_1</STRONG> (Thumb, 0 bytes, Stack size unknown bytes, libinit2.o(.ARM.Collect$$libinit$$00000001))
<BR><BR>[Calls]<UL><LI><a href="#[a1]">&gt;&gt;</a>&nbsp;&nbsp;&nbsp;_fp_init
</UL>

<P><STRONG><a name="[a2]"></a>__rt_lib_init_heap_2</STRONG> (Thumb, 0 bytes, Stack size unknown bytes, libinit2.o(.ARM.Collect$$libinit$$00000007))
<BR><BR>[Stack]<UL><LI>Max Depth = 64 + Unknown Stack Size
<LI>Call Chain = __rt_lib_init_heap_2 &rArr; _init_alloc &rArr; __rt_SIGRTMEM &rArr; __rt_SIGRTMEM_inner &rArr; __default_signal_display &rArr; _ttywrch
</UL>
<BR>[Calls]<UL><LI><a href="#[a3]">&gt;&gt;</a>&nbsp;&nbsp;&nbsp;_init_alloc
</UL>

<P><STRONG><a name="[3ac]"></a>__rt_lib_init_preinit_1</STRONG> (Thumb, 0 bytes, Stack size unknown bytes, libinit2.o(.ARM.Collect$$libinit$$00000006))

<P><STRONG><a name="[3ad]"></a>__rt_lib_init_relocate_pie_1</STRONG> (Thumb, 0 bytes, Stack size unknown bytes, libinit2.o(.ARM.Collect$$libinit$$00000004))

<P><STRONG><a name="[3ae]"></a>__rt_lib_init_heap_1</STRONG> (Thumb, 0 bytes, Stack size unknown bytes, libinit2.o(.ARM.Collect$$libinit$$0000000C))

<P><STRONG><a name="[a4]"></a>__rt_lib_init_lc_common</STRONG> (Thumb, 0 bytes, Stack size unknown bytes, libinit2.o(.ARM.Collect$$libinit$$00000011))
<BR><BR>[Calls]<UL><LI><a href="#[a5]">&gt;&gt;</a>&nbsp;&nbsp;&nbsp;__rt_locale
</UL>

<P><STRONG><a name="[3af]"></a>__rt_lib_init_rand_1</STRONG> (Thumb, 0 bytes, Stack size unknown bytes, libinit2.o(.ARM.Collect$$libinit$$00000010))

<P><STRONG><a name="[3b0]"></a>__rt_lib_init_user_alloc_1</STRONG> (Thumb, 0 bytes, Stack size unknown bytes, libinit2.o(.ARM.Collect$$libinit$$0000000E))

<P><STRONG><a name="[3b1]"></a>__rt_lib_init_lc_collate_1</STRONG> (Thumb, 0 bytes, Stack size unknown bytes, libinit2.o(.ARM.Collect$$libinit$$00000013))

<P><STRONG><a name="[a6]"></a>__rt_lib_init_lc_ctype_2</STRONG> (Thumb, 0 bytes, Stack size unknown bytes, libinit2.o(.ARM.Collect$$libinit$$00000014))
<BR><BR>[Stack]<UL><LI>Max Depth = 16 + Unknown Stack Size
<LI>Call Chain = __rt_lib_init_lc_ctype_2 &rArr; _get_lc_ctype &rArr; strcmp
</UL>
<BR>[Calls]<UL><LI><a href="#[79]">&gt;&gt;</a>&nbsp;&nbsp;&nbsp;_get_lc_ctype
</UL>

<P><STRONG><a name="[3b2]"></a>__rt_lib_init_lc_ctype_1</STRONG> (Thumb, 0 bytes, Stack size unknown bytes, libinit2.o(.ARM.Collect$$libinit$$00000015))

<P><STRONG><a name="[3b3]"></a>__rt_lib_init_lc_monetary_1</STRONG> (Thumb, 0 bytes, Stack size unknown bytes, libinit2.o(.ARM.Collect$$libinit$$00000017))

<P><STRONG><a name="[a7]"></a>__rt_lib_init_lc_numeric_2</STRONG> (Thumb, 0 bytes, Stack size unknown bytes, libinit2.o(.ARM.Collect$$libinit$$00000018))
<BR><BR>[Stack]<UL><LI>Max Depth = 16 + Unknown Stack Size
<LI>Call Chain = __rt_lib_init_lc_numeric_2 &rArr; _get_lc_numeric &rArr; strcmp
</UL>
<BR>[Calls]<UL><LI><a href="#[a8]">&gt;&gt;</a>&nbsp;&nbsp;&nbsp;_get_lc_numeric
</UL>

<P><STRONG><a name="[3b4]"></a>__rt_lib_init_alloca_1</STRONG> (Thumb, 0 bytes, Stack size unknown bytes, libinit2.o(.ARM.Collect$$libinit$$00000030))

<P><STRONG><a name="[3b5]"></a>__rt_lib_init_argv_1</STRONG> (Thumb, 0 bytes, Stack size unknown bytes, libinit2.o(.ARM.Collect$$libinit$$0000002E))

<P><STRONG><a name="[3b6]"></a>__rt_lib_init_atexit_1</STRONG> (Thumb, 0 bytes, Stack size unknown bytes, libinit2.o(.ARM.Collect$$libinit$$0000001D))

<P><STRONG><a name="[3b7]"></a>__rt_lib_init_clock_1</STRONG> (Thumb, 0 bytes, Stack size unknown bytes, libinit2.o(.ARM.Collect$$libinit$$00000023))

<P><STRONG><a name="[3b8]"></a>__rt_lib_init_cpp_1</STRONG> (Thumb, 0 bytes, Stack size unknown bytes, libinit2.o(.ARM.Collect$$libinit$$00000034))

<P><STRONG><a name="[3b9]"></a>__rt_lib_init_exceptions_1</STRONG> (Thumb, 0 bytes, Stack size unknown bytes, libinit2.o(.ARM.Collect$$libinit$$00000032))

<P><STRONG><a name="[3ba]"></a>__rt_lib_init_fp_trap_1</STRONG> (Thumb, 0 bytes, Stack size unknown bytes, libinit2.o(.ARM.Collect$$libinit$$00000021))

<P><STRONG><a name="[3bb]"></a>__rt_lib_init_getenv_1</STRONG> (Thumb, 0 bytes, Stack size unknown bytes, libinit2.o(.ARM.Collect$$libinit$$00000025))

<P><STRONG><a name="[3bc]"></a>__rt_lib_init_lc_numeric_1</STRONG> (Thumb, 0 bytes, Stack size unknown bytes, libinit2.o(.ARM.Collect$$libinit$$00000019))

<P><STRONG><a name="[3bd]"></a>__rt_lib_init_lc_time_1</STRONG> (Thumb, 0 bytes, Stack size unknown bytes, libinit2.o(.ARM.Collect$$libinit$$0000001B))

<P><STRONG><a name="[3be]"></a>__rt_lib_init_return</STRONG> (Thumb, 0 bytes, Stack size unknown bytes, libinit2.o(.ARM.Collect$$libinit$$00000035))

<P><STRONG><a name="[3bf]"></a>__rt_lib_init_signal_1</STRONG> (Thumb, 0 bytes, Stack size unknown bytes, libinit2.o(.ARM.Collect$$libinit$$0000001F))

<P><STRONG><a name="[3c0]"></a>__rt_lib_init_stdio_1</STRONG> (Thumb, 0 bytes, Stack size unknown bytes, libinit2.o(.ARM.Collect$$libinit$$00000027))

<P><STRONG><a name="[b1]"></a>__rt_lib_shutdown</STRONG> (Thumb, 0 bytes, Stack size unknown bytes, libshutdown.o(.ARM.Collect$$libshutdown$$00000000))
<BR><BR>[Called By]<UL><LI><a href="#[b0]">&gt;&gt;</a>&nbsp;&nbsp;&nbsp;__rt_exit_ls
</UL>

<P><STRONG><a name="[3c1]"></a>__rt_lib_shutdown_cpp_1</STRONG> (Thumb, 0 bytes, Stack size unknown bytes, libshutdown2.o(.ARM.Collect$$libshutdown$$00000002))

<P><STRONG><a name="[3c2]"></a>__rt_lib_shutdown_fp_trap_1</STRONG> (Thumb, 0 bytes, Stack size unknown bytes, libshutdown2.o(.ARM.Collect$$libshutdown$$00000007))

<P><STRONG><a name="[3c3]"></a>__rt_lib_shutdown_heap_1</STRONG> (Thumb, 0 bytes, Stack size unknown bytes, libshutdown2.o(.ARM.Collect$$libshutdown$$0000000F))

<P><STRONG><a name="[3c4]"></a>__rt_lib_shutdown_return</STRONG> (Thumb, 0 bytes, Stack size unknown bytes, libshutdown2.o(.ARM.Collect$$libshutdown$$00000010))

<P><STRONG><a name="[3c5]"></a>__rt_lib_shutdown_signal_1</STRONG> (Thumb, 0 bytes, Stack size unknown bytes, libshutdown2.o(.ARM.Collect$$libshutdown$$0000000A))

<P><STRONG><a name="[3c6]"></a>__rt_lib_shutdown_stdio_1</STRONG> (Thumb, 0 bytes, Stack size unknown bytes, libshutdown2.o(.ARM.Collect$$libshutdown$$00000004))

<P><STRONG><a name="[3c7]"></a>__rt_lib_shutdown_user_alloc_1</STRONG> (Thumb, 0 bytes, Stack size unknown bytes, libshutdown2.o(.ARM.Collect$$libshutdown$$0000000C))

<P><STRONG><a name="[7c]"></a>__rt_entry</STRONG> (Thumb, 0 bytes, Stack size unknown bytes, __rtentry.o(.ARM.Collect$$rtentry$$00000000))
<BR><BR>[Called By]<UL><LI><a href="#[51]">&gt;&gt;</a>&nbsp;&nbsp;&nbsp;__main
<LI><a href="#[7d]">&gt;&gt;</a>&nbsp;&nbsp;&nbsp;__scatterload_rt2
</UL>

<P><STRONG><a name="[3c8]"></a>__rt_entry_presh_1</STRONG> (Thumb, 0 bytes, Stack size unknown bytes, __rtentry2.o(.ARM.Collect$$rtentry$$00000002))

<P><STRONG><a name="[a9]"></a>__rt_entry_sh</STRONG> (Thumb, 0 bytes, Stack size unknown bytes, __rtentry4.o(.ARM.Collect$$rtentry$$00000004))
<BR><BR>[Stack]<UL><LI>Max Depth = 8 + Unknown Stack Size
<LI>Call Chain = __rt_entry_sh &rArr; __user_setup_stackheap
</UL>
<BR>[Calls]<UL><LI><a href="#[aa]">&gt;&gt;</a>&nbsp;&nbsp;&nbsp;__user_setup_stackheap
</UL>

<P><STRONG><a name="[ab]"></a>__rt_entry_li</STRONG> (Thumb, 0 bytes, Stack size unknown bytes, __rtentry2.o(.ARM.Collect$$rtentry$$0000000A))
<BR><BR>[Calls]<UL><LI><a href="#[ac]">&gt;&gt;</a>&nbsp;&nbsp;&nbsp;__rt_lib_init
</UL>

<P><STRONG><a name="[3c9]"></a>__rt_entry_postsh_1</STRONG> (Thumb, 0 bytes, Stack size unknown bytes, __rtentry2.o(.ARM.Collect$$rtentry$$00000009))

<P><STRONG><a name="[ad]"></a>__rt_entry_main</STRONG> (Thumb, 0 bytes, Stack size unknown bytes, __rtentry2.o(.ARM.Collect$$rtentry$$0000000D))
<BR><BR>[Stack]<UL><LI>Max Depth = 388 + Unknown Stack Size
<LI>Call Chain = __rt_entry_main &rArr; main &rArr; MAIN_TickTask &rArr; TSK_Bq20z45Action &rArr; LIB_MemRead &rArr; HWF_ReInitI2C1Pin &rArr; HAL_I2C_Init &rArr; HAL_RCC_GetPCLK1Freq &rArr; HAL_RCC_GetHCLKFreq &rArr; HAL_RCC_GetSysClockFreq
</UL>
<BR>[Calls]<UL><LI><a href="#[ae]">&gt;&gt;</a>&nbsp;&nbsp;&nbsp;main
<LI><a href="#[af]">&gt;&gt;</a>&nbsp;&nbsp;&nbsp;exit
</UL>

<P><STRONG><a name="[3ca]"></a>__rt_entry_postli_1</STRONG> (Thumb, 0 bytes, Stack size unknown bytes, __rtentry2.o(.ARM.Collect$$rtentry$$0000000C))

<P><STRONG><a name="[389]"></a>__rt_exit</STRONG> (Thumb, 0 bytes, Stack size unknown bytes, rtexit.o(.ARM.Collect$$rtexit$$00000000))
<BR><BR>[Called By]<UL><LI><a href="#[af]">&gt;&gt;</a>&nbsp;&nbsp;&nbsp;exit
</UL>

<P><STRONG><a name="[b0]"></a>__rt_exit_ls</STRONG> (Thumb, 0 bytes, Stack size unknown bytes, rtexit2.o(.ARM.Collect$$rtexit$$00000003))
<BR><BR>[Calls]<UL><LI><a href="#[b1]">&gt;&gt;</a>&nbsp;&nbsp;&nbsp;__rt_lib_shutdown
</UL>

<P><STRONG><a name="[3cb]"></a>__rt_exit_prels_1</STRONG> (Thumb, 0 bytes, Stack size unknown bytes, rtexit2.o(.ARM.Collect$$rtexit$$00000002))

<P><STRONG><a name="[b2]"></a>__rt_exit_exit</STRONG> (Thumb, 0 bytes, Stack size unknown bytes, rtexit2.o(.ARM.Collect$$rtexit$$00000004))
<BR><BR>[Calls]<UL><LI><a href="#[b3]">&gt;&gt;</a>&nbsp;&nbsp;&nbsp;_sys_exit
</UL>

<P><STRONG><a name="[e]"></a>Reset_Handler</STRONG> (Thumb, 8 bytes, Stack size 0 bytes, startup_stm32f401xc.o(.text))
<BR>[Address Reference Count : 1]<UL><LI> startup_stm32f401xc.o(RESET)
</UL>
<P><STRONG><a name="[2a]"></a>ADC_IRQHandler</STRONG> (Thumb, 0 bytes, Stack size 0 bytes, startup_stm32f401xc.o(.text))
<BR><BR>[Calls]<UL><LI><a href="#[2a]">&gt;&gt;</a>&nbsp;&nbsp;&nbsp;ADC_IRQHandler
</UL>
<BR>[Called By]<UL><LI><a href="#[2a]">&gt;&gt;</a>&nbsp;&nbsp;&nbsp;ADC_IRQHandler
</UL>
<BR>[Address Reference Count : 1]<UL><LI> startup_stm32f401xc.o(RESET)
</UL>
<P><STRONG><a name="[23]"></a>DMA1_Stream0_IRQHandler</STRONG> (Thumb, 0 bytes, Stack size 0 bytes, startup_stm32f401xc.o(.text))
<BR>[Address Reference Count : 1]<UL><LI> startup_stm32f401xc.o(RESET)
</UL>
<P><STRONG><a name="[24]"></a>DMA1_Stream1_IRQHandler</STRONG> (Thumb, 0 bytes, Stack size 0 bytes, startup_stm32f401xc.o(.text))
<BR>[Address Reference Count : 1]<UL><LI> startup_stm32f401xc.o(RESET)
</UL>
<P><STRONG><a name="[25]"></a>DMA1_Stream2_IRQHandler</STRONG> (Thumb, 0 bytes, Stack size 0 bytes, startup_stm32f401xc.o(.text))
<BR>[Address Reference Count : 1]<UL><LI> startup_stm32f401xc.o(RESET)
</UL>
<P><STRONG><a name="[26]"></a>DMA1_Stream3_IRQHandler</STRONG> (Thumb, 0 bytes, Stack size 0 bytes, startup_stm32f401xc.o(.text))
<BR>[Address Reference Count : 1]<UL><LI> startup_stm32f401xc.o(RESET)
</UL>
<P><STRONG><a name="[27]"></a>DMA1_Stream4_IRQHandler</STRONG> (Thumb, 0 bytes, Stack size 0 bytes, startup_stm32f401xc.o(.text))
<BR>[Address Reference Count : 1]<UL><LI> startup_stm32f401xc.o(RESET)
</UL>
<P><STRONG><a name="[28]"></a>DMA1_Stream5_IRQHandler</STRONG> (Thumb, 0 bytes, Stack size 0 bytes, startup_stm32f401xc.o(.text))
<BR>[Address Reference Count : 1]<UL><LI> startup_stm32f401xc.o(RESET)
</UL>
<P><STRONG><a name="[29]"></a>DMA1_Stream6_IRQHandler</STRONG> (Thumb, 0 bytes, Stack size 0 bytes, startup_stm32f401xc.o(.text))
<BR>[Address Reference Count : 1]<UL><LI> startup_stm32f401xc.o(RESET)
</UL>
<P><STRONG><a name="[3e]"></a>DMA1_Stream7_IRQHandler</STRONG> (Thumb, 0 bytes, Stack size 0 bytes, startup_stm32f401xc.o(.text))
<BR>[Address Reference Count : 1]<UL><LI> startup_stm32f401xc.o(RESET)
</UL>
<P><STRONG><a name="[43]"></a>DMA2_Stream1_IRQHandler</STRONG> (Thumb, 0 bytes, Stack size 0 bytes, startup_stm32f401xc.o(.text))
<BR>[Address Reference Count : 1]<UL><LI> startup_stm32f401xc.o(RESET)
</UL>
<P><STRONG><a name="[44]"></a>DMA2_Stream2_IRQHandler</STRONG> (Thumb, 0 bytes, Stack size 0 bytes, startup_stm32f401xc.o(.text))
<BR>[Address Reference Count : 1]<UL><LI> startup_stm32f401xc.o(RESET)
</UL>
<P><STRONG><a name="[45]"></a>DMA2_Stream3_IRQHandler</STRONG> (Thumb, 0 bytes, Stack size 0 bytes, startup_stm32f401xc.o(.text))
<BR>[Address Reference Count : 1]<UL><LI> startup_stm32f401xc.o(RESET)
</UL>
<P><STRONG><a name="[46]"></a>DMA2_Stream4_IRQHandler</STRONG> (Thumb, 0 bytes, Stack size 0 bytes, startup_stm32f401xc.o(.text))
<BR>[Address Reference Count : 1]<UL><LI> startup_stm32f401xc.o(RESET)
</UL>
<P><STRONG><a name="[48]"></a>DMA2_Stream5_IRQHandler</STRONG> (Thumb, 0 bytes, Stack size 0 bytes, startup_stm32f401xc.o(.text))
<BR>[Address Reference Count : 1]<UL><LI> startup_stm32f401xc.o(RESET)
</UL>
<P><STRONG><a name="[49]"></a>DMA2_Stream6_IRQHandler</STRONG> (Thumb, 0 bytes, Stack size 0 bytes, startup_stm32f401xc.o(.text))
<BR>[Address Reference Count : 1]<UL><LI> startup_stm32f401xc.o(RESET)
</UL>
<P><STRONG><a name="[4a]"></a>DMA2_Stream7_IRQHandler</STRONG> (Thumb, 0 bytes, Stack size 0 bytes, startup_stm32f401xc.o(.text))
<BR>[Address Reference Count : 1]<UL><LI> startup_stm32f401xc.o(RESET)
</UL>
<P><STRONG><a name="[1f]"></a>EXTI1_IRQHandler</STRONG> (Thumb, 0 bytes, Stack size 0 bytes, startup_stm32f401xc.o(.text))
<BR>[Address Reference Count : 1]<UL><LI> startup_stm32f401xc.o(RESET)
</UL>
<P><STRONG><a name="[21]"></a>EXTI3_IRQHandler</STRONG> (Thumb, 0 bytes, Stack size 0 bytes, startup_stm32f401xc.o(.text))
<BR>[Address Reference Count : 1]<UL><LI> startup_stm32f401xc.o(RESET)
</UL>
<P><STRONG><a name="[22]"></a>EXTI4_IRQHandler</STRONG> (Thumb, 0 bytes, Stack size 0 bytes, startup_stm32f401xc.o(.text))
<BR>[Address Reference Count : 1]<UL><LI> startup_stm32f401xc.o(RESET)
</UL>
<P><STRONG><a name="[1c]"></a>FLASH_IRQHandler</STRONG> (Thumb, 0 bytes, Stack size 0 bytes, startup_stm32f401xc.o(.text))
<BR>[Address Reference Count : 1]<UL><LI> startup_stm32f401xc.o(RESET)
</UL>
<P><STRONG><a name="[4e]"></a>FPU_IRQHandler</STRONG> (Thumb, 0 bytes, Stack size 0 bytes, startup_stm32f401xc.o(.text))
<BR>[Address Reference Count : 1]<UL><LI> startup_stm32f401xc.o(RESET)
</UL>
<P><STRONG><a name="[34]"></a>I2C1_ER_IRQHandler</STRONG> (Thumb, 0 bytes, Stack size 0 bytes, startup_stm32f401xc.o(.text))
<BR>[Address Reference Count : 1]<UL><LI> startup_stm32f401xc.o(RESET)
</UL>
<P><STRONG><a name="[33]"></a>I2C1_EV_IRQHandler</STRONG> (Thumb, 0 bytes, Stack size 0 bytes, startup_stm32f401xc.o(.text))
<BR>[Address Reference Count : 1]<UL><LI> startup_stm32f401xc.o(RESET)
</UL>
<P><STRONG><a name="[36]"></a>I2C2_ER_IRQHandler</STRONG> (Thumb, 0 bytes, Stack size 0 bytes, startup_stm32f401xc.o(.text))
<BR>[Address Reference Count : 1]<UL><LI> startup_stm32f401xc.o(RESET)
</UL>
<P><STRONG><a name="[35]"></a>I2C2_EV_IRQHandler</STRONG> (Thumb, 0 bytes, Stack size 0 bytes, startup_stm32f401xc.o(.text))
<BR>[Address Reference Count : 1]<UL><LI> startup_stm32f401xc.o(RESET)
</UL>
<P><STRONG><a name="[4d]"></a>I2C3_ER_IRQHandler</STRONG> (Thumb, 0 bytes, Stack size 0 bytes, startup_stm32f401xc.o(.text))
<BR>[Address Reference Count : 1]<UL><LI> startup_stm32f401xc.o(RESET)
</UL>
<P><STRONG><a name="[4c]"></a>I2C3_EV_IRQHandler</STRONG> (Thumb, 0 bytes, Stack size 0 bytes, startup_stm32f401xc.o(.text))
<BR>[Address Reference Count : 1]<UL><LI> startup_stm32f401xc.o(RESET)
</UL>
<P><STRONG><a name="[3d]"></a>OTG_FS_WKUP_IRQHandler</STRONG> (Thumb, 0 bytes, Stack size 0 bytes, startup_stm32f401xc.o(.text))
<BR>[Address Reference Count : 1]<UL><LI> startup_stm32f401xc.o(RESET)
</UL>
<P><STRONG><a name="[19]"></a>PVD_IRQHandler</STRONG> (Thumb, 0 bytes, Stack size 0 bytes, startup_stm32f401xc.o(.text))
<BR>[Address Reference Count : 1]<UL><LI> startup_stm32f401xc.o(RESET)
</UL>
<P><STRONG><a name="[1d]"></a>RCC_IRQHandler</STRONG> (Thumb, 0 bytes, Stack size 0 bytes, startup_stm32f401xc.o(.text))
<BR>[Address Reference Count : 1]<UL><LI> startup_stm32f401xc.o(RESET)
</UL>
<P><STRONG><a name="[3c]"></a>RTC_Alarm_IRQHandler</STRONG> (Thumb, 0 bytes, Stack size 0 bytes, startup_stm32f401xc.o(.text))
<BR>[Address Reference Count : 1]<UL><LI> startup_stm32f401xc.o(RESET)
</UL>
<P><STRONG><a name="[1b]"></a>RTC_WKUP_IRQHandler</STRONG> (Thumb, 0 bytes, Stack size 0 bytes, startup_stm32f401xc.o(.text))
<BR>[Address Reference Count : 1]<UL><LI> startup_stm32f401xc.o(RESET)
</UL>
<P><STRONG><a name="[3f]"></a>SDIO_IRQHandler</STRONG> (Thumb, 0 bytes, Stack size 0 bytes, startup_stm32f401xc.o(.text))
<BR>[Address Reference Count : 1]<UL><LI> startup_stm32f401xc.o(RESET)
</UL>
<P><STRONG><a name="[37]"></a>SPI1_IRQHandler</STRONG> (Thumb, 0 bytes, Stack size 0 bytes, startup_stm32f401xc.o(.text))
<BR>[Address Reference Count : 1]<UL><LI> startup_stm32f401xc.o(RESET)
</UL>
<P><STRONG><a name="[38]"></a>SPI2_IRQHandler</STRONG> (Thumb, 0 bytes, Stack size 0 bytes, startup_stm32f401xc.o(.text))
<BR>[Address Reference Count : 1]<UL><LI> startup_stm32f401xc.o(RESET)
</UL>
<P><STRONG><a name="[41]"></a>SPI3_IRQHandler</STRONG> (Thumb, 0 bytes, Stack size 0 bytes, startup_stm32f401xc.o(.text))
<BR>[Address Reference Count : 1]<UL><LI> startup_stm32f401xc.o(RESET)
</UL>
<P><STRONG><a name="[4f]"></a>SPI4_IRQHandler</STRONG> (Thumb, 0 bytes, Stack size 0 bytes, startup_stm32f401xc.o(.text))
<BR>[Address Reference Count : 1]<UL><LI> startup_stm32f401xc.o(RESET)
</UL>
<P><STRONG><a name="[1a]"></a>TAMP_STAMP_IRQHandler</STRONG> (Thumb, 0 bytes, Stack size 0 bytes, startup_stm32f401xc.o(.text))
<BR>[Address Reference Count : 1]<UL><LI> startup_stm32f401xc.o(RESET)
</UL>
<P><STRONG><a name="[2c]"></a>TIM1_BRK_TIM9_IRQHandler</STRONG> (Thumb, 0 bytes, Stack size 0 bytes, startup_stm32f401xc.o(.text))
<BR>[Address Reference Count : 1]<UL><LI> startup_stm32f401xc.o(RESET)
</UL>
<P><STRONG><a name="[2f]"></a>TIM1_CC_IRQHandler</STRONG> (Thumb, 0 bytes, Stack size 0 bytes, startup_stm32f401xc.o(.text))
<BR>[Address Reference Count : 1]<UL><LI> startup_stm32f401xc.o(RESET)
</UL>
<P><STRONG><a name="[2e]"></a>TIM1_TRG_COM_TIM11_IRQHandler</STRONG> (Thumb, 0 bytes, Stack size 0 bytes, startup_stm32f401xc.o(.text))
<BR>[Address Reference Count : 1]<UL><LI> startup_stm32f401xc.o(RESET)
</UL>
<P><STRONG><a name="[2d]"></a>TIM1_UP_TIM10_IRQHandler</STRONG> (Thumb, 0 bytes, Stack size 0 bytes, startup_stm32f401xc.o(.text))
<BR>[Address Reference Count : 1]<UL><LI> startup_stm32f401xc.o(RESET)
</UL>
<P><STRONG><a name="[40]"></a>TIM5_IRQHandler</STRONG> (Thumb, 0 bytes, Stack size 0 bytes, startup_stm32f401xc.o(.text))
<BR>[Address Reference Count : 1]<UL><LI> startup_stm32f401xc.o(RESET)
</UL>
<P><STRONG><a name="[39]"></a>USART1_IRQHandler</STRONG> (Thumb, 0 bytes, Stack size 0 bytes, startup_stm32f401xc.o(.text))
<BR>[Address Reference Count : 1]<UL><LI> startup_stm32f401xc.o(RESET)
</UL>
<P><STRONG><a name="[3a]"></a>USART2_IRQHandler</STRONG> (Thumb, 0 bytes, Stack size 0 bytes, startup_stm32f401xc.o(.text))
<BR>[Address Reference Count : 1]<UL><LI> startup_stm32f401xc.o(RESET)
</UL>
<P><STRONG><a name="[4b]"></a>USART6_IRQHandler</STRONG> (Thumb, 0 bytes, Stack size 0 bytes, startup_stm32f401xc.o(.text))
<BR>[Address Reference Count : 1]<UL><LI> startup_stm32f401xc.o(RESET)
</UL>
<P><STRONG><a name="[18]"></a>WWDG_IRQHandler</STRONG> (Thumb, 0 bytes, Stack size 0 bytes, startup_stm32f401xc.o(.text))
<BR>[Address Reference Count : 1]<UL><LI> startup_stm32f401xc.o(RESET)
</UL>
<P><STRONG><a name="[388]"></a>__user_initial_stackheap</STRONG> (Thumb, 0 bytes, Stack size unknown bytes, startup_stm32f401xc.o(.text))
<BR><BR>[Called By]<UL><LI><a href="#[aa]">&gt;&gt;</a>&nbsp;&nbsp;&nbsp;__user_setup_stackheap
</UL>

<P><STRONG><a name="[b4]"></a>HAL_Init</STRONG> (Thumb, 54 bytes, Stack size 8 bytes, stm32f4xx_hal.o(.text))
<BR><BR>[Stack]<UL><LI>Max Depth = 92<LI>Call Chain = HAL_Init &rArr; HAL_InitTick &rArr; HAL_RCC_GetHCLKFreq &rArr; HAL_RCC_GetSysClockFreq
</UL>
<BR>[Calls]<UL><LI><a href="#[b7]">&gt;&gt;</a>&nbsp;&nbsp;&nbsp;HAL_MspInit
<LI><a href="#[b6]">&gt;&gt;</a>&nbsp;&nbsp;&nbsp;HAL_InitTick
<LI><a href="#[b5]">&gt;&gt;</a>&nbsp;&nbsp;&nbsp;HAL_NVIC_SetPriorityGrouping
</UL>
<BR>[Called By]<UL><LI><a href="#[ae]">&gt;&gt;</a>&nbsp;&nbsp;&nbsp;main
</UL>

<P><STRONG><a name="[b6]"></a>HAL_InitTick</STRONG> (Thumb, 48 bytes, Stack size 16 bytes, stm32f4xx_hal.o(.text))
<BR><BR>[Stack]<UL><LI>Max Depth = 84<LI>Call Chain = HAL_InitTick &rArr; HAL_RCC_GetHCLKFreq &rArr; HAL_RCC_GetSysClockFreq
</UL>
<BR>[Calls]<UL><LI><a href="#[ba]">&gt;&gt;</a>&nbsp;&nbsp;&nbsp;HAL_NVIC_SetPriority
<LI><a href="#[b9]">&gt;&gt;</a>&nbsp;&nbsp;&nbsp;HAL_SYSTICK_Config
<LI><a href="#[b8]">&gt;&gt;</a>&nbsp;&nbsp;&nbsp;HAL_RCC_GetHCLKFreq
</UL>
<BR>[Called By]<UL><LI><a href="#[15f]">&gt;&gt;</a>&nbsp;&nbsp;&nbsp;HAL_RCC_ClockConfig
<LI><a href="#[b4]">&gt;&gt;</a>&nbsp;&nbsp;&nbsp;HAL_Init
</UL>

<P><STRONG><a name="[b7]"></a>HAL_MspInit</STRONG> (Thumb, 2 bytes, Stack size 0 bytes, stm32f4xx_hal.o(.text))
<BR><BR>[Called By]<UL><LI><a href="#[b4]">&gt;&gt;</a>&nbsp;&nbsp;&nbsp;HAL_Init
</UL>

<P><STRONG><a name="[bb]"></a>HAL_DeInit</STRONG> (Thumb, 82 bytes, Stack size 16 bytes, stm32f4xx_hal.o(.text), UNUSED)
<BR><BR>[Calls]<UL><LI><a href="#[bc]">&gt;&gt;</a>&nbsp;&nbsp;&nbsp;HAL_MspDeInit
</UL>

<P><STRONG><a name="[bc]"></a>HAL_MspDeInit</STRONG> (Thumb, 2 bytes, Stack size 0 bytes, stm32f4xx_hal.o(.text), UNUSED)
<BR><BR>[Called By]<UL><LI><a href="#[bb]">&gt;&gt;</a>&nbsp;&nbsp;&nbsp;HAL_DeInit
</UL>

<P><STRONG><a name="[286]"></a>HAL_IncTick</STRONG> (Thumb, 16 bytes, Stack size 0 bytes, stm32f4xx_hal.o(.text))
<BR><BR>[Called By]<UL><LI><a href="#[17]">&gt;&gt;</a>&nbsp;&nbsp;&nbsp;SysTick_Handler
</UL>

<P><STRONG><a name="[be]"></a>HAL_GetTick</STRONG> (Thumb, 12 bytes, Stack size 0 bytes, stm32f4xx_hal.o(.text))
<BR><BR>[Called By]<UL><LI><a href="#[21d]">&gt;&gt;</a>&nbsp;&nbsp;&nbsp;UART_WaitOnFlagUntilTimeout
<LI><a href="#[1f7]">&gt;&gt;</a>&nbsp;&nbsp;&nbsp;FLASH_WaitForLastOperation
<LI><a href="#[16b]">&gt;&gt;</a>&nbsp;&nbsp;&nbsp;SPI_WaitOnFlagUntilTimeout
<LI><a href="#[15f]">&gt;&gt;</a>&nbsp;&nbsp;&nbsp;HAL_RCC_ClockConfig
<LI><a href="#[15e]">&gt;&gt;</a>&nbsp;&nbsp;&nbsp;HAL_RCC_OscConfig
<LI><a href="#[115]">&gt;&gt;</a>&nbsp;&nbsp;&nbsp;HAL_I2C_IsDeviceReady
<LI><a href="#[f9]">&gt;&gt;</a>&nbsp;&nbsp;&nbsp;I2C_WaitOnMasterAddressFlagUntilTimeout
<LI><a href="#[f8]">&gt;&gt;</a>&nbsp;&nbsp;&nbsp;I2C_WaitOnFlagUntilTimeout
<LI><a href="#[ee]">&gt;&gt;</a>&nbsp;&nbsp;&nbsp;HAL_DMA_PollForTransfer
<LI><a href="#[d0]">&gt;&gt;</a>&nbsp;&nbsp;&nbsp;HAL_ADCEx_InjectedPollForConversion
<LI><a href="#[cf]">&gt;&gt;</a>&nbsp;&nbsp;&nbsp;HAL_DMA_Abort
<LI><a href="#[c5]">&gt;&gt;</a>&nbsp;&nbsp;&nbsp;HAL_ADC_PollForEvent
<LI><a href="#[c4]">&gt;&gt;</a>&nbsp;&nbsp;&nbsp;HAL_ADC_PollForConversion
<LI><a href="#[bd]">&gt;&gt;</a>&nbsp;&nbsp;&nbsp;HAL_Delay
</UL>

<P><STRONG><a name="[bd]"></a>HAL_Delay</STRONG> (Thumb, 40 bytes, Stack size 16 bytes, stm32f4xx_hal.o(.text))
<BR><BR>[Stack]<UL><LI>Max Depth = 16<LI>Call Chain = HAL_Delay
</UL>
<BR>[Calls]<UL><LI><a href="#[be]">&gt;&gt;</a>&nbsp;&nbsp;&nbsp;HAL_GetTick
</UL>
<BR>[Called By]<UL><LI><a href="#[281]">&gt;&gt;</a>&nbsp;&nbsp;&nbsp;BQ25756EInit
<LI><a href="#[ae]">&gt;&gt;</a>&nbsp;&nbsp;&nbsp;main
<LI><a href="#[272]">&gt;&gt;</a>&nbsp;&nbsp;&nbsp;TSK_BQ25756Action
<LI><a href="#[26f]">&gt;&gt;</a>&nbsp;&nbsp;&nbsp;TSK_Bq20z45Action
<LI><a href="#[1f2]">&gt;&gt;</a>&nbsp;&nbsp;&nbsp;USB_ResetPort
<LI><a href="#[1f0]">&gt;&gt;</a>&nbsp;&nbsp;&nbsp;USB_HostInit
<LI><a href="#[12f]">&gt;&gt;</a>&nbsp;&nbsp;&nbsp;USB_DevConnect
<LI><a href="#[129]">&gt;&gt;</a>&nbsp;&nbsp;&nbsp;USB_DevDisconnect
<LI><a href="#[127]">&gt;&gt;</a>&nbsp;&nbsp;&nbsp;USB_SetCurrentMode
<LI><a href="#[2c6]">&gt;&gt;</a>&nbsp;&nbsp;&nbsp;get_sys_status
<LI><a href="#[2c4]">&gt;&gt;</a>&nbsp;&nbsp;&nbsp;EN_chargingx
<LI><a href="#[2c3]">&gt;&gt;</a>&nbsp;&nbsp;&nbsp;EEPROM_Action
<LI><a href="#[2c1]">&gt;&gt;</a>&nbsp;&nbsp;&nbsp;TSK_TMS320F28032Action
<LI><a href="#[2be]">&gt;&gt;</a>&nbsp;&nbsp;&nbsp;TSK_RootFunction
<LI><a href="#[2bd]">&gt;&gt;</a>&nbsp;&nbsp;&nbsp;TSK_Bq24745Action
<LI><a href="#[2bc]">&gt;&gt;</a>&nbsp;&nbsp;&nbsp;SET_MPPT
<LI><a href="#[295]">&gt;&gt;</a>&nbsp;&nbsp;&nbsp;USBD_LL_Delay
</UL>

<P><STRONG><a name="[3cc]"></a>HAL_SuspendTick</STRONG> (Thumb, 18 bytes, Stack size 0 bytes, stm32f4xx_hal.o(.text), UNUSED)

<P><STRONG><a name="[3cd]"></a>HAL_ResumeTick</STRONG> (Thumb, 18 bytes, Stack size 0 bytes, stm32f4xx_hal.o(.text), UNUSED)

<P><STRONG><a name="[3ce]"></a>HAL_GetHalVersion</STRONG> (Thumb, 8 bytes, Stack size 0 bytes, stm32f4xx_hal.o(.text), UNUSED)

<P><STRONG><a name="[3cf]"></a>HAL_GetREVID</STRONG> (Thumb, 14 bytes, Stack size 0 bytes, stm32f4xx_hal.o(.text), UNUSED)

<P><STRONG><a name="[3d0]"></a>HAL_GetDEVID</STRONG> (Thumb, 16 bytes, Stack size 0 bytes, stm32f4xx_hal.o(.text), UNUSED)

<P><STRONG><a name="[3d1]"></a>HAL_EnableDBGSleepMode</STRONG> (Thumb, 18 bytes, Stack size 0 bytes, stm32f4xx_hal.o(.text), UNUSED)

<P><STRONG><a name="[3d2]"></a>HAL_DisableDBGSleepMode</STRONG> (Thumb, 18 bytes, Stack size 0 bytes, stm32f4xx_hal.o(.text), UNUSED)

<P><STRONG><a name="[3d3]"></a>HAL_EnableDBGStopMode</STRONG> (Thumb, 18 bytes, Stack size 0 bytes, stm32f4xx_hal.o(.text), UNUSED)

<P><STRONG><a name="[3d4]"></a>HAL_DisableDBGStopMode</STRONG> (Thumb, 18 bytes, Stack size 0 bytes, stm32f4xx_hal.o(.text), UNUSED)

<P><STRONG><a name="[3d5]"></a>HAL_EnableDBGStandbyMode</STRONG> (Thumb, 18 bytes, Stack size 0 bytes, stm32f4xx_hal.o(.text), UNUSED)

<P><STRONG><a name="[3d6]"></a>HAL_DisableDBGStandbyMode</STRONG> (Thumb, 18 bytes, Stack size 0 bytes, stm32f4xx_hal.o(.text), UNUSED)

<P><STRONG><a name="[3d7]"></a>HAL_EnableCompensationCell</STRONG> (Thumb, 14 bytes, Stack size 0 bytes, stm32f4xx_hal.o(.text), UNUSED)

<P><STRONG><a name="[3d8]"></a>HAL_DisableCompensationCell</STRONG> (Thumb, 14 bytes, Stack size 0 bytes, stm32f4xx_hal.o(.text), UNUSED)

<P><STRONG><a name="[bf]"></a>HAL_ADC_Init</STRONG> (Thumb, 94 bytes, Stack size 16 bytes, stm32f4xx_hal_adc.o(.text))
<BR><BR>[Stack]<UL><LI>Max Depth = 112<LI>Call Chain = HAL_ADC_Init &rArr; HAL_ADC_MspInit &rArr; HAL_NVIC_SetPriority &rArr; NVIC_EncodePriority
</UL>
<BR>[Calls]<UL><LI><a href="#[c1]">&gt;&gt;</a>&nbsp;&nbsp;&nbsp;ADC_Init
<LI><a href="#[c0]">&gt;&gt;</a>&nbsp;&nbsp;&nbsp;HAL_ADC_MspInit
</UL>
<BR>[Called By]<UL><LI><a href="#[27b]">&gt;&gt;</a>&nbsp;&nbsp;&nbsp;HWF_InitADCMulCH
</UL>

<P><STRONG><a name="[c2]"></a>HAL_ADC_DeInit</STRONG> (Thumb, 60 bytes, Stack size 16 bytes, stm32f4xx_hal_adc.o(.text), UNUSED)
<BR><BR>[Calls]<UL><LI><a href="#[c3]">&gt;&gt;</a>&nbsp;&nbsp;&nbsp;HAL_ADC_MspDeInit
</UL>

<P><STRONG><a name="[c3]"></a>HAL_ADC_MspDeInit</STRONG> (Thumb, 8 bytes, Stack size 4 bytes, stm32f4xx_hal_adc.o(.text), UNUSED)
<BR><BR>[Called By]<UL><LI><a href="#[c2]">&gt;&gt;</a>&nbsp;&nbsp;&nbsp;HAL_ADC_DeInit
</UL>

<P><STRONG><a name="[2c9]"></a>HAL_ADC_Start</STRONG> (Thumb, 246 bytes, Stack size 12 bytes, stm32f4xx_hal_adc.o(.text), UNUSED)
<BR><BR>[Called By]<UL><LI><a href="#[2c8]">&gt;&gt;</a>&nbsp;&nbsp;&nbsp;get_adc
</UL>

<P><STRONG><a name="[3d9]"></a>HAL_ADC_Stop</STRONG> (Thumb, 30 bytes, Stack size 4 bytes, stm32f4xx_hal_adc.o(.text), UNUSED)

<P><STRONG><a name="[c4]"></a>HAL_ADC_PollForConversion</STRONG> (Thumb, 146 bytes, Stack size 24 bytes, stm32f4xx_hal_adc.o(.text), UNUSED)
<BR><BR>[Calls]<UL><LI><a href="#[be]">&gt;&gt;</a>&nbsp;&nbsp;&nbsp;HAL_GetTick
</UL>
<BR>[Called By]<UL><LI><a href="#[2c8]">&gt;&gt;</a>&nbsp;&nbsp;&nbsp;get_adc
</UL>

<P><STRONG><a name="[c5]"></a>HAL_ADC_PollForEvent</STRONG> (Thumb, 164 bytes, Stack size 32 bytes, stm32f4xx_hal_adc.o(.text), UNUSED)
<BR><BR>[Calls]<UL><LI><a href="#[be]">&gt;&gt;</a>&nbsp;&nbsp;&nbsp;HAL_GetTick
</UL>

<P><STRONG><a name="[3da]"></a>HAL_ADC_Start_IT</STRONG> (Thumb, 276 bytes, Stack size 12 bytes, stm32f4xx_hal_adc.o(.text), UNUSED)

<P><STRONG><a name="[3db]"></a>HAL_ADC_Stop_IT</STRONG> (Thumb, 54 bytes, Stack size 4 bytes, stm32f4xx_hal_adc.o(.text), UNUSED)

<P><STRONG><a name="[c6]"></a>HAL_ADC_IRQHandler</STRONG> (Thumb, 510 bytes, Stack size 24 bytes, stm32f4xx_hal_adc.o(.text), UNUSED)
<BR><BR>[Calls]<UL><LI><a href="#[ca]">&gt;&gt;</a>&nbsp;&nbsp;&nbsp;HAL_ADC_ErrorCallback
<LI><a href="#[c9]">&gt;&gt;</a>&nbsp;&nbsp;&nbsp;HAL_ADC_LevelOutOfWindowCallback
<LI><a href="#[c8]">&gt;&gt;</a>&nbsp;&nbsp;&nbsp;HAL_ADCEx_InjectedConvCpltCallback
<LI><a href="#[c7]">&gt;&gt;</a>&nbsp;&nbsp;&nbsp;HAL_ADC_ConvCpltCallback
</UL>

<P><STRONG><a name="[c7]"></a>HAL_ADC_ConvCpltCallback</STRONG> (Thumb, 8 bytes, Stack size 4 bytes, stm32f4xx_hal_adc.o(.text))
<BR><BR>[Stack]<UL><LI>Max Depth = 4<LI>Call Chain = HAL_ADC_ConvCpltCallback
</UL>
<BR>[Called By]<UL><LI><a href="#[55]">&gt;&gt;</a>&nbsp;&nbsp;&nbsp;ADC_MultiModeDMAConvCplt
<LI><a href="#[c6]">&gt;&gt;</a>&nbsp;&nbsp;&nbsp;HAL_ADC_IRQHandler
<LI><a href="#[52]">&gt;&gt;</a>&nbsp;&nbsp;&nbsp;ADC_DMAConvCplt
</UL>

<P><STRONG><a name="[c9]"></a>HAL_ADC_LevelOutOfWindowCallback</STRONG> (Thumb, 8 bytes, Stack size 4 bytes, stm32f4xx_hal_adc.o(.text), UNUSED)
<BR><BR>[Called By]<UL><LI><a href="#[c6]">&gt;&gt;</a>&nbsp;&nbsp;&nbsp;HAL_ADC_IRQHandler
</UL>

<P><STRONG><a name="[ca]"></a>HAL_ADC_ErrorCallback</STRONG> (Thumb, 8 bytes, Stack size 4 bytes, stm32f4xx_hal_adc.o(.text))
<BR><BR>[Stack]<UL><LI>Max Depth = 4<LI>Call Chain = HAL_ADC_ErrorCallback
</UL>
<BR>[Called By]<UL><LI><a href="#[57]">&gt;&gt;</a>&nbsp;&nbsp;&nbsp;ADC_MultiModeDMAError
<LI><a href="#[c6]">&gt;&gt;</a>&nbsp;&nbsp;&nbsp;HAL_ADC_IRQHandler
<LI><a href="#[54]">&gt;&gt;</a>&nbsp;&nbsp;&nbsp;ADC_DMAError
</UL>

<P><STRONG><a name="[cb]"></a>HAL_ADC_Start_DMA</STRONG> (Thumb, 250 bytes, Stack size 32 bytes, stm32f4xx_hal_adc.o(.text))
<BR><BR>[Stack]<UL><LI>Max Depth = 80<LI>Call Chain = HAL_ADC_Start_DMA &rArr; HAL_DMA_Start_IT &rArr; DMA_SetConfig
</UL>
<BR>[Calls]<UL><LI><a href="#[cc]">&gt;&gt;</a>&nbsp;&nbsp;&nbsp;HAL_DMA_Start_IT
</UL>
<BR>[Called By]<UL><LI><a href="#[27c]">&gt;&gt;</a>&nbsp;&nbsp;&nbsp;HWF_ADCStartConvert
</UL>

<P><STRONG><a name="[ce]"></a>HAL_ADC_Stop_DMA</STRONG> (Thumb, 64 bytes, Stack size 16 bytes, stm32f4xx_hal_adc.o(.text), UNUSED)
<BR><BR>[Calls]<UL><LI><a href="#[cf]">&gt;&gt;</a>&nbsp;&nbsp;&nbsp;HAL_DMA_Abort
</UL>

<P><STRONG><a name="[2ca]"></a>HAL_ADC_GetValue</STRONG> (Thumb, 14 bytes, Stack size 4 bytes, stm32f4xx_hal_adc.o(.text), UNUSED)
<BR><BR>[Called By]<UL><LI><a href="#[2c8]">&gt;&gt;</a>&nbsp;&nbsp;&nbsp;get_adc
</UL>

<P><STRONG><a name="[cd]"></a>HAL_ADC_ConvHalfCpltCallback</STRONG> (Thumb, 8 bytes, Stack size 4 bytes, stm32f4xx_hal_adc.o(.text))
<BR><BR>[Stack]<UL><LI>Max Depth = 4<LI>Call Chain = HAL_ADC_ConvHalfCpltCallback
</UL>
<BR>[Called By]<UL><LI><a href="#[56]">&gt;&gt;</a>&nbsp;&nbsp;&nbsp;ADC_MultiModeDMAHalfConvCplt
<LI><a href="#[53]">&gt;&gt;</a>&nbsp;&nbsp;&nbsp;ADC_DMAHalfConvCplt
</UL>

<P><STRONG><a name="[2a1]"></a>HAL_ADC_ConfigChannel</STRONG> (Thumb, 474 bytes, Stack size 12 bytes, stm32f4xx_hal_adc.o(.text))
<BR><BR>[Stack]<UL><LI>Max Depth = 12<LI>Call Chain = HAL_ADC_ConfigChannel
</UL>
<BR>[Called By]<UL><LI><a href="#[27b]">&gt;&gt;</a>&nbsp;&nbsp;&nbsp;HWF_InitADCMulCH
<LI><a href="#[2c8]">&gt;&gt;</a>&nbsp;&nbsp;&nbsp;get_adc
</UL>

<P><STRONG><a name="[3dc]"></a>HAL_ADC_AnalogWDGConfig</STRONG> (Thumb, 184 bytes, Stack size 12 bytes, stm32f4xx_hal_adc.o(.text), UNUSED)

<P><STRONG><a name="[3dd]"></a>HAL_ADC_GetState</STRONG> (Thumb, 14 bytes, Stack size 4 bytes, stm32f4xx_hal_adc.o(.text), UNUSED)

<P><STRONG><a name="[3de]"></a>HAL_ADC_GetError</STRONG> (Thumb, 12 bytes, Stack size 4 bytes, stm32f4xx_hal_adc.o(.text), UNUSED)

<P><STRONG><a name="[3df]"></a>HAL_ADCEx_InjectedStart</STRONG> (Thumb, 322 bytes, Stack size 20 bytes, stm32f4xx_hal_adc_ex.o(.text), UNUSED)

<P><STRONG><a name="[3e0]"></a>HAL_ADCEx_InjectedStart_IT</STRONG> (Thumb, 352 bytes, Stack size 20 bytes, stm32f4xx_hal_adc_ex.o(.text), UNUSED)

<P><STRONG><a name="[3e1]"></a>HAL_ADCEx_InjectedStop</STRONG> (Thumb, 30 bytes, Stack size 4 bytes, stm32f4xx_hal_adc_ex.o(.text), UNUSED)

<P><STRONG><a name="[d0]"></a>HAL_ADCEx_InjectedPollForConversion</STRONG> (Thumb, 146 bytes, Stack size 24 bytes, stm32f4xx_hal_adc_ex.o(.text), UNUSED)
<BR><BR>[Calls]<UL><LI><a href="#[be]">&gt;&gt;</a>&nbsp;&nbsp;&nbsp;HAL_GetTick
</UL>

<P><STRONG><a name="[3e2]"></a>HAL_ADCEx_InjectedStop_IT</STRONG> (Thumb, 54 bytes, Stack size 4 bytes, stm32f4xx_hal_adc_ex.o(.text), UNUSED)

<P><STRONG><a name="[3e3]"></a>HAL_ADCEx_InjectedGetValue</STRONG> (Thumb, 90 bytes, Stack size 16 bytes, stm32f4xx_hal_adc_ex.o(.text), UNUSED)

<P><STRONG><a name="[d1]"></a>HAL_ADCEx_MultiModeStart_DMA</STRONG> (Thumb, 286 bytes, Stack size 32 bytes, stm32f4xx_hal_adc_ex.o(.text), UNUSED)
<BR><BR>[Calls]<UL><LI><a href="#[cc]">&gt;&gt;</a>&nbsp;&nbsp;&nbsp;HAL_DMA_Start_IT
</UL>

<P><STRONG><a name="[d2]"></a>HAL_ADCEx_MultiModeStop_DMA</STRONG> (Thumb, 124 bytes, Stack size 16 bytes, stm32f4xx_hal_adc_ex.o(.text), UNUSED)
<BR><BR>[Calls]<UL><LI><a href="#[cf]">&gt;&gt;</a>&nbsp;&nbsp;&nbsp;HAL_DMA_Abort
</UL>

<P><STRONG><a name="[3e4]"></a>HAL_ADCEx_MultiModeGetValue</STRONG> (Thumb, 18 bytes, Stack size 4 bytes, stm32f4xx_hal_adc_ex.o(.text), UNUSED)

<P><STRONG><a name="[c8]"></a>HAL_ADCEx_InjectedConvCpltCallback</STRONG> (Thumb, 8 bytes, Stack size 4 bytes, stm32f4xx_hal_adc_ex.o(.text), UNUSED)
<BR><BR>[Called By]<UL><LI><a href="#[c6]">&gt;&gt;</a>&nbsp;&nbsp;&nbsp;HAL_ADC_IRQHandler
</UL>

<P><STRONG><a name="[3e5]"></a>HAL_ADCEx_InjectedConfigChannel</STRONG> (Thumb, 662 bytes, Stack size 16 bytes, stm32f4xx_hal_adc_ex.o(.text), UNUSED)

<P><STRONG><a name="[3e6]"></a>HAL_ADCEx_MultiModeConfigChannel</STRONG> (Thumb, 132 bytes, Stack size 16 bytes, stm32f4xx_hal_adc_ex.o(.text), UNUSED)

<P><STRONG><a name="[b5]"></a>HAL_NVIC_SetPriorityGrouping</STRONG> (Thumb, 16 bytes, Stack size 16 bytes, stm32f4xx_hal_cortex.o(.text))
<BR><BR>[Stack]<UL><LI>Max Depth = 28<LI>Call Chain = HAL_NVIC_SetPriorityGrouping &rArr; __NVIC_SetPriorityGrouping
</UL>
<BR>[Calls]<UL><LI><a href="#[d3]">&gt;&gt;</a>&nbsp;&nbsp;&nbsp;__NVIC_SetPriorityGrouping
</UL>
<BR>[Called By]<UL><LI><a href="#[b4]">&gt;&gt;</a>&nbsp;&nbsp;&nbsp;HAL_Init
</UL>

<P><STRONG><a name="[ba]"></a>HAL_NVIC_SetPriority</STRONG> (Thumb, 50 bytes, Stack size 32 bytes, stm32f4xx_hal_cortex.o(.text))
<BR><BR>[Stack]<UL><LI>Max Depth = 64<LI>Call Chain = HAL_NVIC_SetPriority &rArr; NVIC_EncodePriority
</UL>
<BR>[Calls]<UL><LI><a href="#[d6]">&gt;&gt;</a>&nbsp;&nbsp;&nbsp;__NVIC_SetPriority
<LI><a href="#[d5]">&gt;&gt;</a>&nbsp;&nbsp;&nbsp;NVIC_EncodePriority
<LI><a href="#[d4]">&gt;&gt;</a>&nbsp;&nbsp;&nbsp;__NVIC_GetPriorityGrouping
</UL>
<BR>[Called By]<UL><LI><a href="#[124]">&gt;&gt;</a>&nbsp;&nbsp;&nbsp;HAL_PCD_MspInit
<LI><a href="#[27e]">&gt;&gt;</a>&nbsp;&nbsp;&nbsp;HWF_TIM4_Init
<LI><a href="#[27d]">&gt;&gt;</a>&nbsp;&nbsp;&nbsp;HWF_TIM2_Init
<LI><a href="#[279]">&gt;&gt;</a>&nbsp;&nbsp;&nbsp;HWF_InitPORT
<LI><a href="#[b6]">&gt;&gt;</a>&nbsp;&nbsp;&nbsp;HAL_InitTick
<LI><a href="#[2aa]">&gt;&gt;</a>&nbsp;&nbsp;&nbsp;HWF_TIM4_Stop
<LI><a href="#[2a8]">&gt;&gt;</a>&nbsp;&nbsp;&nbsp;HWF_TIM2_Stop
<LI><a href="#[19d]">&gt;&gt;</a>&nbsp;&nbsp;&nbsp;HAL_TIM_IC_MspInit
<LI><a href="#[c0]">&gt;&gt;</a>&nbsp;&nbsp;&nbsp;HAL_ADC_MspInit
</UL>

<P><STRONG><a name="[d7]"></a>HAL_NVIC_EnableIRQ</STRONG> (Thumb, 20 bytes, Stack size 16 bytes, stm32f4xx_hal_cortex.o(.text))
<BR><BR>[Stack]<UL><LI>Max Depth = 20<LI>Call Chain = HAL_NVIC_EnableIRQ &rArr; __NVIC_EnableIRQ
</UL>
<BR>[Calls]<UL><LI><a href="#[d8]">&gt;&gt;</a>&nbsp;&nbsp;&nbsp;__NVIC_EnableIRQ
</UL>
<BR>[Called By]<UL><LI><a href="#[124]">&gt;&gt;</a>&nbsp;&nbsp;&nbsp;HAL_PCD_MspInit
<LI><a href="#[27e]">&gt;&gt;</a>&nbsp;&nbsp;&nbsp;HWF_TIM4_Init
<LI><a href="#[27d]">&gt;&gt;</a>&nbsp;&nbsp;&nbsp;HWF_TIM2_Init
<LI><a href="#[279]">&gt;&gt;</a>&nbsp;&nbsp;&nbsp;HWF_InitPORT
<LI><a href="#[2b1]">&gt;&gt;</a>&nbsp;&nbsp;&nbsp;TSK_PowerProcess
<LI><a href="#[19d]">&gt;&gt;</a>&nbsp;&nbsp;&nbsp;HAL_TIM_IC_MspInit
<LI><a href="#[c0]">&gt;&gt;</a>&nbsp;&nbsp;&nbsp;HAL_ADC_MspInit
</UL>

<P><STRONG><a name="[d9]"></a>HAL_NVIC_DisableIRQ</STRONG> (Thumb, 20 bytes, Stack size 16 bytes, stm32f4xx_hal_cortex.o(.text), UNUSED)
<BR><BR>[Calls]<UL><LI><a href="#[da]">&gt;&gt;</a>&nbsp;&nbsp;&nbsp;__NVIC_DisableIRQ
</UL>
<BR>[Called By]<UL><LI><a href="#[2b1]">&gt;&gt;</a>&nbsp;&nbsp;&nbsp;TSK_PowerProcess
<LI><a href="#[2aa]">&gt;&gt;</a>&nbsp;&nbsp;&nbsp;HWF_TIM4_Stop
<LI><a href="#[2a8]">&gt;&gt;</a>&nbsp;&nbsp;&nbsp;HWF_TIM2_Stop
</UL>

<P><STRONG><a name="[db]"></a>HAL_NVIC_SystemReset</STRONG> (Thumb, 4 bytes, Stack size 0 bytes, stm32f4xx_hal_cortex.o(.text))
<BR><BR>[Calls]<UL><LI><a href="#[dc]">&gt;&gt;</a>&nbsp;&nbsp;&nbsp;__NVIC_SystemReset
</UL>
<BR>[Called By]<UL><LI><a href="#[26e]">&gt;&gt;</a>&nbsp;&nbsp;&nbsp;USB_ProcessTX
</UL>

<P><STRONG><a name="[b9]"></a>HAL_SYSTICK_Config</STRONG> (Thumb, 16 bytes, Stack size 16 bytes, stm32f4xx_hal_cortex.o(.text))
<BR><BR>[Stack]<UL><LI>Max Depth = 40<LI>Call Chain = HAL_SYSTICK_Config &rArr; SysTick_Config &rArr; __NVIC_SetPriority
</UL>
<BR>[Calls]<UL><LI><a href="#[dd]">&gt;&gt;</a>&nbsp;&nbsp;&nbsp;SysTick_Config
</UL>
<BR>[Called By]<UL><LI><a href="#[b6]">&gt;&gt;</a>&nbsp;&nbsp;&nbsp;HAL_InitTick
</UL>

<P><STRONG><a name="[de]"></a>HAL_NVIC_GetPriorityGrouping</STRONG> (Thumb, 8 bytes, Stack size 8 bytes, stm32f4xx_hal_cortex.o(.text), UNUSED)
<BR><BR>[Calls]<UL><LI><a href="#[d4]">&gt;&gt;</a>&nbsp;&nbsp;&nbsp;__NVIC_GetPriorityGrouping
</UL>

<P><STRONG><a name="[df]"></a>HAL_NVIC_GetPriority</STRONG> (Thumb, 36 bytes, Stack size 24 bytes, stm32f4xx_hal_cortex.o(.text), UNUSED)
<BR><BR>[Calls]<UL><LI><a href="#[e1]">&gt;&gt;</a>&nbsp;&nbsp;&nbsp;NVIC_DecodePriority
<LI><a href="#[e0]">&gt;&gt;</a>&nbsp;&nbsp;&nbsp;__NVIC_GetPriority
</UL>

<P><STRONG><a name="[e2]"></a>HAL_NVIC_SetPendingIRQ</STRONG> (Thumb, 20 bytes, Stack size 16 bytes, stm32f4xx_hal_cortex.o(.text), UNUSED)
<BR><BR>[Calls]<UL><LI><a href="#[e3]">&gt;&gt;</a>&nbsp;&nbsp;&nbsp;__NVIC_SetPendingIRQ
</UL>

<P><STRONG><a name="[e4]"></a>HAL_NVIC_GetPendingIRQ</STRONG> (Thumb, 20 bytes, Stack size 16 bytes, stm32f4xx_hal_cortex.o(.text), UNUSED)
<BR><BR>[Calls]<UL><LI><a href="#[e5]">&gt;&gt;</a>&nbsp;&nbsp;&nbsp;__NVIC_GetPendingIRQ
</UL>

<P><STRONG><a name="[e6]"></a>HAL_NVIC_ClearPendingIRQ</STRONG> (Thumb, 20 bytes, Stack size 16 bytes, stm32f4xx_hal_cortex.o(.text), UNUSED)
<BR><BR>[Calls]<UL><LI><a href="#[e7]">&gt;&gt;</a>&nbsp;&nbsp;&nbsp;__NVIC_ClearPendingIRQ
</UL>

<P><STRONG><a name="[e8]"></a>HAL_NVIC_GetActive</STRONG> (Thumb, 20 bytes, Stack size 16 bytes, stm32f4xx_hal_cortex.o(.text), UNUSED)
<BR><BR>[Calls]<UL><LI><a href="#[e9]">&gt;&gt;</a>&nbsp;&nbsp;&nbsp;__NVIC_GetActive
</UL>

<P><STRONG><a name="[3e7]"></a>HAL_SYSTICK_CLKSourceConfig</STRONG> (Thumb, 52 bytes, Stack size 4 bytes, stm32f4xx_hal_cortex.o(.text), UNUSED)

<P><STRONG><a name="[ea]"></a>HAL_SYSTICK_IRQHandler</STRONG> (Thumb, 8 bytes, Stack size 8 bytes, stm32f4xx_hal_cortex.o(.text))
<BR><BR>[Stack]<UL><LI>Max Depth = 16<LI>Call Chain = HAL_SYSTICK_IRQHandler &rArr; HAL_SYSTICK_Callback
</UL>
<BR>[Calls]<UL><LI><a href="#[eb]">&gt;&gt;</a>&nbsp;&nbsp;&nbsp;HAL_SYSTICK_Callback
</UL>
<BR>[Called By]<UL><LI><a href="#[17]">&gt;&gt;</a>&nbsp;&nbsp;&nbsp;SysTick_Handler
</UL>

<P><STRONG><a name="[2a0]"></a>HAL_DMA_Init</STRONG> (Thumb, 224 bytes, Stack size 16 bytes, stm32f4xx_hal_dma.o(.text))
<BR><BR>[Stack]<UL><LI>Max Depth = 16<LI>Call Chain = HAL_DMA_Init
</UL>
<BR>[Called By]<UL><LI><a href="#[c0]">&gt;&gt;</a>&nbsp;&nbsp;&nbsp;HAL_ADC_MspInit
</UL>

<P><STRONG><a name="[3e8]"></a>HAL_DMA_DeInit</STRONG> (Thumb, 8214 bytes, Stack size 928 bytes, stm32f4xx_hal_dma.o(.text), UNUSED)

<P><STRONG><a name="[ec]"></a>HAL_DMA_Start</STRONG> (Thumb, 106 bytes, Stack size 32 bytes, stm32f4xx_hal_dma.o(.text), UNUSED)
<BR><BR>[Calls]<UL><LI><a href="#[ed]">&gt;&gt;</a>&nbsp;&nbsp;&nbsp;DMA_SetConfig
</UL>

<P><STRONG><a name="[cc]"></a>HAL_DMA_Start_IT</STRONG> (Thumb, 166 bytes, Stack size 32 bytes, stm32f4xx_hal_dma.o(.text))
<BR><BR>[Stack]<UL><LI>Max Depth = 48<LI>Call Chain = HAL_DMA_Start_IT &rArr; DMA_SetConfig
</UL>
<BR>[Calls]<UL><LI><a href="#[ed]">&gt;&gt;</a>&nbsp;&nbsp;&nbsp;DMA_SetConfig
</UL>
<BR>[Called By]<UL><LI><a href="#[223]">&gt;&gt;</a>&nbsp;&nbsp;&nbsp;HAL_UART_Receive_DMA
<LI><a href="#[21f]">&gt;&gt;</a>&nbsp;&nbsp;&nbsp;HAL_UART_Transmit_DMA
<LI><a href="#[1e8]">&gt;&gt;</a>&nbsp;&nbsp;&nbsp;HAL_TIMEx_PWMN_Start_DMA
<LI><a href="#[1e2]">&gt;&gt;</a>&nbsp;&nbsp;&nbsp;HAL_TIMEx_OCN_Start_DMA
<LI><a href="#[1db]">&gt;&gt;</a>&nbsp;&nbsp;&nbsp;HAL_TIMEx_HallSensor_Start_DMA
<LI><a href="#[1cb]">&gt;&gt;</a>&nbsp;&nbsp;&nbsp;HAL_TIM_DMABurst_ReadStart
<LI><a href="#[1ca]">&gt;&gt;</a>&nbsp;&nbsp;&nbsp;HAL_TIM_DMABurst_WriteStart
<LI><a href="#[1b7]">&gt;&gt;</a>&nbsp;&nbsp;&nbsp;HAL_TIM_Encoder_Start_DMA
<LI><a href="#[1a4]">&gt;&gt;</a>&nbsp;&nbsp;&nbsp;HAL_TIM_IC_Start_DMA
<LI><a href="#[19a]">&gt;&gt;</a>&nbsp;&nbsp;&nbsp;HAL_TIM_PWM_Start_DMA
<LI><a href="#[18f]">&gt;&gt;</a>&nbsp;&nbsp;&nbsp;HAL_TIM_OC_Start_DMA
<LI><a href="#[183]">&gt;&gt;</a>&nbsp;&nbsp;&nbsp;HAL_TIM_Base_Start_DMA
<LI><a href="#[177]">&gt;&gt;</a>&nbsp;&nbsp;&nbsp;HAL_SPI_TransmitReceive_DMA
<LI><a href="#[176]">&gt;&gt;</a>&nbsp;&nbsp;&nbsp;HAL_SPI_Receive_DMA
<LI><a href="#[172]">&gt;&gt;</a>&nbsp;&nbsp;&nbsp;HAL_SPI_Transmit_DMA
<LI><a href="#[113]">&gt;&gt;</a>&nbsp;&nbsp;&nbsp;HAL_I2C_Mem_Read_DMA
<LI><a href="#[111]">&gt;&gt;</a>&nbsp;&nbsp;&nbsp;HAL_I2C_Mem_Write_DMA
<LI><a href="#[109]">&gt;&gt;</a>&nbsp;&nbsp;&nbsp;HAL_I2C_Slave_Receive_DMA
<LI><a href="#[107]">&gt;&gt;</a>&nbsp;&nbsp;&nbsp;HAL_I2C_Slave_Transmit_DMA
<LI><a href="#[105]">&gt;&gt;</a>&nbsp;&nbsp;&nbsp;HAL_I2C_Master_Receive_DMA
<LI><a href="#[102]">&gt;&gt;</a>&nbsp;&nbsp;&nbsp;HAL_I2C_Master_Transmit_DMA
<LI><a href="#[d1]">&gt;&gt;</a>&nbsp;&nbsp;&nbsp;HAL_ADCEx_MultiModeStart_DMA
<LI><a href="#[cb]">&gt;&gt;</a>&nbsp;&nbsp;&nbsp;HAL_ADC_Start_DMA
</UL>

<P><STRONG><a name="[cf]"></a>HAL_DMA_Abort</STRONG> (Thumb, 132 bytes, Stack size 24 bytes, stm32f4xx_hal_dma.o(.text), UNUSED)
<BR><BR>[Calls]<UL><LI><a href="#[be]">&gt;&gt;</a>&nbsp;&nbsp;&nbsp;HAL_GetTick
</UL>
<BR>[Called By]<UL><LI><a href="#[226]">&gt;&gt;</a>&nbsp;&nbsp;&nbsp;HAL_UART_DMAStop
<LI><a href="#[17c]">&gt;&gt;</a>&nbsp;&nbsp;&nbsp;HAL_SPI_DMAStop
<LI><a href="#[d2]">&gt;&gt;</a>&nbsp;&nbsp;&nbsp;HAL_ADCEx_MultiModeStop_DMA
<LI><a href="#[ce]">&gt;&gt;</a>&nbsp;&nbsp;&nbsp;HAL_ADC_Stop_DMA
</UL>

<P><STRONG><a name="[ee]"></a>HAL_DMA_PollForTransfer</STRONG> (Thumb, 24134 bytes, Stack size 2416 bytes, stm32f4xx_hal_dma.o(.text), UNUSED)
<BR><BR>[Calls]<UL><LI><a href="#[be]">&gt;&gt;</a>&nbsp;&nbsp;&nbsp;HAL_GetTick
</UL>

<P><STRONG><a name="[287]"></a>HAL_DMA_IRQHandler</STRONG> (Thumb, 23316 bytes, Stack size 2320 bytes, stm32f4xx_hal_dma.o(.text))
<BR><BR>[Stack]<UL><LI>Max Depth = 2320<LI>Call Chain = HAL_DMA_IRQHandler
</UL>
<BR>[Called By]<UL><LI><a href="#[42]">&gt;&gt;</a>&nbsp;&nbsp;&nbsp;DMA2_Stream0_IRQHandler
</UL>

<P><STRONG><a name="[3e9]"></a>HAL_DMA_GetState</STRONG> (Thumb, 14 bytes, Stack size 4 bytes, stm32f4xx_hal_dma.o(.text), UNUSED)

<P><STRONG><a name="[3ea]"></a>HAL_DMA_GetError</STRONG> (Thumb, 12 bytes, Stack size 4 bytes, stm32f4xx_hal_dma.o(.text), UNUSED)

<P><STRONG><a name="[161]"></a>HAL_GPIO_Init</STRONG> (Thumb, 988 bytes, Stack size 60 bytes, stm32f4xx_hal_gpio.o(.text))
<BR><BR>[Stack]<UL><LI>Max Depth = 60<LI>Call Chain = HAL_GPIO_Init
</UL>
<BR>[Called By]<UL><LI><a href="#[124]">&gt;&gt;</a>&nbsp;&nbsp;&nbsp;HAL_PCD_MspInit
<LI><a href="#[282]">&gt;&gt;</a>&nbsp;&nbsp;&nbsp;HWF_InitSPI2
<LI><a href="#[280]">&gt;&gt;</a>&nbsp;&nbsp;&nbsp;HWF_InitI2C3
<LI><a href="#[27f]">&gt;&gt;</a>&nbsp;&nbsp;&nbsp;HWF_InitI2C1
<LI><a href="#[279]">&gt;&gt;</a>&nbsp;&nbsp;&nbsp;HWF_InitPORT
<LI><a href="#[276]">&gt;&gt;</a>&nbsp;&nbsp;&nbsp;InitPA0
<LI><a href="#[264]">&gt;&gt;</a>&nbsp;&nbsp;&nbsp;StandByKeyInit
<LI><a href="#[160]">&gt;&gt;</a>&nbsp;&nbsp;&nbsp;HAL_RCC_MCOConfig
<LI><a href="#[2ab]">&gt;&gt;</a>&nbsp;&nbsp;&nbsp;HWF_InitSPI1
<LI><a href="#[2a6]">&gt;&gt;</a>&nbsp;&nbsp;&nbsp;HWF_ReInitI2C3Pin
<LI><a href="#[2a4]">&gt;&gt;</a>&nbsp;&nbsp;&nbsp;HWF_ReInitI2C1Pin
</UL>

<P><STRONG><a name="[2a5]"></a>HAL_GPIO_DeInit</STRONG> (Thumb, 274 bytes, Stack size 32 bytes, stm32f4xx_hal_gpio.o(.text))
<BR><BR>[Stack]<UL><LI>Max Depth = 32<LI>Call Chain = HAL_GPIO_DeInit
</UL>
<BR>[Called By]<UL><LI><a href="#[280]">&gt;&gt;</a>&nbsp;&nbsp;&nbsp;HWF_InitI2C3
<LI><a href="#[27f]">&gt;&gt;</a>&nbsp;&nbsp;&nbsp;HWF_InitI2C1
<LI><a href="#[2a6]">&gt;&gt;</a>&nbsp;&nbsp;&nbsp;HWF_ReInitI2C3Pin
<LI><a href="#[2a4]">&gt;&gt;</a>&nbsp;&nbsp;&nbsp;HWF_ReInitI2C1Pin
</UL>

<P><STRONG><a name="[267]"></a>HAL_GPIO_ReadPin</STRONG> (Thumb, 46 bytes, Stack size 8 bytes, stm32f4xx_hal_gpio.o(.text))
<BR><BR>[Stack]<UL><LI>Max Depth = 8<LI>Call Chain = HAL_GPIO_ReadPin
</UL>
<BR>[Called By]<UL><LI><a href="#[17]">&gt;&gt;</a>&nbsp;&nbsp;&nbsp;SysTick_Handler
<LI><a href="#[279]">&gt;&gt;</a>&nbsp;&nbsp;&nbsp;HWF_InitPORT
<LI><a href="#[265]">&gt;&gt;</a>&nbsp;&nbsp;&nbsp;MAIN_TickTask
<LI><a href="#[2b1]">&gt;&gt;</a>&nbsp;&nbsp;&nbsp;TSK_PowerProcess
<LI><a href="#[298]">&gt;&gt;</a>&nbsp;&nbsp;&nbsp;BAT_ChargeAlgorithmLiPo
<LI><a href="#[297]">&gt;&gt;</a>&nbsp;&nbsp;&nbsp;BAT_ChargeAlgorithmLeadAcid
</UL>

<P><STRONG><a name="[27a]"></a>HAL_GPIO_WritePin</STRONG> (Thumb, 44 bytes, Stack size 8 bytes, stm32f4xx_hal_gpio.o(.text))
<BR><BR>[Stack]<UL><LI>Max Depth = 8<LI>Call Chain = HAL_GPIO_WritePin
</UL>
<BR>[Called By]<UL><LI><a href="#[282]">&gt;&gt;</a>&nbsp;&nbsp;&nbsp;HWF_InitSPI2
<LI><a href="#[281]">&gt;&gt;</a>&nbsp;&nbsp;&nbsp;BQ25756EInit
<LI><a href="#[279]">&gt;&gt;</a>&nbsp;&nbsp;&nbsp;HWF_InitPORT
<LI><a href="#[ae]">&gt;&gt;</a>&nbsp;&nbsp;&nbsp;main
<LI><a href="#[275]">&gt;&gt;</a>&nbsp;&nbsp;&nbsp;control_LED_all
<LI><a href="#[273]">&gt;&gt;</a>&nbsp;&nbsp;&nbsp;EN_charging
<LI><a href="#[272]">&gt;&gt;</a>&nbsp;&nbsp;&nbsp;TSK_BQ25756Action
<LI><a href="#[26c]">&gt;&gt;</a>&nbsp;&nbsp;&nbsp;TSK_FlashLed
<LI><a href="#[269]">&gt;&gt;</a>&nbsp;&nbsp;&nbsp;USB_ProcessRX
<LI><a href="#[30b]">&gt;&gt;</a>&nbsp;&nbsp;&nbsp;DM9051_Write_Reg
<LI><a href="#[30a]">&gt;&gt;</a>&nbsp;&nbsp;&nbsp;DM9051_Read_Reg
<LI><a href="#[308]">&gt;&gt;</a>&nbsp;&nbsp;&nbsp;DM9051_Free_Mem
<LI><a href="#[307]">&gt;&gt;</a>&nbsp;&nbsp;&nbsp;DM9051_Write_Mem
<LI><a href="#[306]">&gt;&gt;</a>&nbsp;&nbsp;&nbsp;DM9051_Read_Mem
<LI><a href="#[2eb]">&gt;&gt;</a>&nbsp;&nbsp;&nbsp;MCP2515_LoadTxBuffer
<LI><a href="#[2e8]">&gt;&gt;</a>&nbsp;&nbsp;&nbsp;MCP2515_Reset
<LI><a href="#[2e2]">&gt;&gt;</a>&nbsp;&nbsp;&nbsp;MCP2515_ReadByte
<LI><a href="#[2dd]">&gt;&gt;</a>&nbsp;&nbsp;&nbsp;MCP2515_ReadRxSequence
<LI><a href="#[2dc]">&gt;&gt;</a>&nbsp;&nbsp;&nbsp;MCP2515_GetRxStatus
<LI><a href="#[2da]">&gt;&gt;</a>&nbsp;&nbsp;&nbsp;MCP2515_RequestToSend
<LI><a href="#[2d9]">&gt;&gt;</a>&nbsp;&nbsp;&nbsp;MCP2515_LoadTxSequence
<LI><a href="#[2d7]">&gt;&gt;</a>&nbsp;&nbsp;&nbsp;MCP2515_ReadStatus
<LI><a href="#[2d5]">&gt;&gt;</a>&nbsp;&nbsp;&nbsp;MCP2515_WriteByte
<LI><a href="#[2d4]">&gt;&gt;</a>&nbsp;&nbsp;&nbsp;MCP2515_WriteByteSequence
<LI><a href="#[2d2]">&gt;&gt;</a>&nbsp;&nbsp;&nbsp;MCP2515_Initialize
<LI><a href="#[2cf]">&gt;&gt;</a>&nbsp;&nbsp;&nbsp;MCP2515_BitModify
<LI><a href="#[2ab]">&gt;&gt;</a>&nbsp;&nbsp;&nbsp;HWF_InitSPI1
<LI><a href="#[2a6]">&gt;&gt;</a>&nbsp;&nbsp;&nbsp;HWF_ReInitI2C3Pin
<LI><a href="#[2a4]">&gt;&gt;</a>&nbsp;&nbsp;&nbsp;HWF_ReInitI2C1Pin
<LI><a href="#[297]">&gt;&gt;</a>&nbsp;&nbsp;&nbsp;BAT_ChargeAlgorithmLeadAcid
<LI><a href="#[296]">&gt;&gt;</a>&nbsp;&nbsp;&nbsp;BAT_DischargeAlgorithmLeadAcid
</UL>

<P><STRONG><a name="[3eb]"></a>HAL_GPIO_TogglePin</STRONG> (Thumb, 24 bytes, Stack size 8 bytes, stm32f4xx_hal_gpio.o(.text), UNUSED)

<P><STRONG><a name="[3ec]"></a>HAL_GPIO_LockPin</STRONG> (Thumb, 86 bytes, Stack size 16 bytes, stm32f4xx_hal_gpio.o(.text), UNUSED)

<P><STRONG><a name="[ef]"></a>HAL_GPIO_EXTI_IRQHandler</STRONG> (Thumb, 56 bytes, Stack size 16 bytes, stm32f4xx_hal_gpio.o(.text))
<BR><BR>[Stack]<UL><LI>Max Depth = 20<LI>Call Chain = HAL_GPIO_EXTI_IRQHandler &rArr; HAL_GPIO_EXTI_Callback
</UL>
<BR>[Calls]<UL><LI><a href="#[f0]">&gt;&gt;</a>&nbsp;&nbsp;&nbsp;HAL_GPIO_EXTI_Callback
</UL>
<BR>[Called By]<UL><LI><a href="#[2b]">&gt;&gt;</a>&nbsp;&nbsp;&nbsp;EXTI9_5_IRQHandler
<LI><a href="#[20]">&gt;&gt;</a>&nbsp;&nbsp;&nbsp;EXTI2_IRQHandler
</UL>

<P><STRONG><a name="[f1]"></a>HAL_I2C_Init</STRONG> (Thumb, 440 bytes, Stack size 48 bytes, stm32f4xx_hal_i2c.o(.text))
<BR><BR>[Stack]<UL><LI>Max Depth = 132<LI>Call Chain = HAL_I2C_Init &rArr; HAL_RCC_GetPCLK1Freq &rArr; HAL_RCC_GetHCLKFreq &rArr; HAL_RCC_GetSysClockFreq
</UL>
<BR>[Calls]<UL><LI><a href="#[f3]">&gt;&gt;</a>&nbsp;&nbsp;&nbsp;HAL_RCC_GetPCLK1Freq
<LI><a href="#[f2]">&gt;&gt;</a>&nbsp;&nbsp;&nbsp;HAL_I2C_MspInit
</UL>
<BR>[Called By]<UL><LI><a href="#[280]">&gt;&gt;</a>&nbsp;&nbsp;&nbsp;HWF_InitI2C3
<LI><a href="#[27f]">&gt;&gt;</a>&nbsp;&nbsp;&nbsp;HWF_InitI2C1
<LI><a href="#[2a6]">&gt;&gt;</a>&nbsp;&nbsp;&nbsp;HWF_ReInitI2C3Pin
<LI><a href="#[2a4]">&gt;&gt;</a>&nbsp;&nbsp;&nbsp;HWF_ReInitI2C1Pin
</UL>

<P><STRONG><a name="[f4]"></a>HAL_I2C_DeInit</STRONG> (Thumb, 74 bytes, Stack size 16 bytes, stm32f4xx_hal_i2c.o(.text))
<BR><BR>[Stack]<UL><LI>Max Depth = 20<LI>Call Chain = HAL_I2C_DeInit &rArr; HAL_I2C_MspDeInit
</UL>
<BR>[Calls]<UL><LI><a href="#[f5]">&gt;&gt;</a>&nbsp;&nbsp;&nbsp;HAL_I2C_MspDeInit
</UL>
<BR>[Called By]<UL><LI><a href="#[2a6]">&gt;&gt;</a>&nbsp;&nbsp;&nbsp;HWF_ReInitI2C3Pin
<LI><a href="#[2a4]">&gt;&gt;</a>&nbsp;&nbsp;&nbsp;HWF_ReInitI2C1Pin
</UL>

<P><STRONG><a name="[f5]"></a>HAL_I2C_MspDeInit</STRONG> (Thumb, 8 bytes, Stack size 4 bytes, stm32f4xx_hal_i2c.o(.text))
<BR><BR>[Stack]<UL><LI>Max Depth = 4<LI>Call Chain = HAL_I2C_MspDeInit
</UL>
<BR>[Called By]<UL><LI><a href="#[f4]">&gt;&gt;</a>&nbsp;&nbsp;&nbsp;HAL_I2C_DeInit
</UL>

<P><STRONG><a name="[f6]"></a>HAL_I2C_Master_Transmit</STRONG> (Thumb, 450 bytes, Stack size 32 bytes, stm32f4xx_hal_i2c.o(.text))
<BR><BR>[Stack]<UL><LI>Max Depth = 96<LI>Call Chain = HAL_I2C_Master_Transmit &rArr; I2C_MasterRequestWrite &rArr; I2C_WaitOnFlagUntilTimeout
</UL>
<BR>[Calls]<UL><LI><a href="#[f8]">&gt;&gt;</a>&nbsp;&nbsp;&nbsp;I2C_WaitOnFlagUntilTimeout
<LI><a href="#[f7]">&gt;&gt;</a>&nbsp;&nbsp;&nbsp;I2C_MasterRequestWrite
</UL>
<BR>[Called By]<UL><LI><a href="#[269]">&gt;&gt;</a>&nbsp;&nbsp;&nbsp;USB_ProcessRX
<LI><a href="#[2c0]">&gt;&gt;</a>&nbsp;&nbsp;&nbsp;I2C3_To_SIR_Write_Block
<LI><a href="#[2be]">&gt;&gt;</a>&nbsp;&nbsp;&nbsp;TSK_RootFunction
<LI><a href="#[2bd]">&gt;&gt;</a>&nbsp;&nbsp;&nbsp;TSK_Bq24745Action
<LI><a href="#[2bb]">&gt;&gt;</a>&nbsp;&nbsp;&nbsp;SET_WATCHDOG
<LI><a href="#[2b4]">&gt;&gt;</a>&nbsp;&nbsp;&nbsp;TSK_BatteryHT66StateMachine
<LI><a href="#[2b2]">&gt;&gt;</a>&nbsp;&nbsp;&nbsp;TSK_HT66StateMachine
<LI><a href="#[2ae]">&gt;&gt;</a>&nbsp;&nbsp;&nbsp;LIB_Tx_I2C3_SIR
<LI><a href="#[2ad]">&gt;&gt;</a>&nbsp;&nbsp;&nbsp;LIB_MemByteReadWrite
<LI><a href="#[2ac]">&gt;&gt;</a>&nbsp;&nbsp;&nbsp;LIB_TxRxBq20z45
</UL>

<P><STRONG><a name="[fa]"></a>HAL_I2C_Master_Receive</STRONG> (Thumb, 872 bytes, Stack size 32 bytes, stm32f4xx_hal_i2c.o(.text))
<BR><BR>[Stack]<UL><LI>Max Depth = 96<LI>Call Chain = HAL_I2C_Master_Receive &rArr; I2C_MasterRequestRead &rArr; I2C_WaitOnFlagUntilTimeout
</UL>
<BR>[Calls]<UL><LI><a href="#[fb]">&gt;&gt;</a>&nbsp;&nbsp;&nbsp;I2C_MasterRequestRead
<LI><a href="#[f8]">&gt;&gt;</a>&nbsp;&nbsp;&nbsp;I2C_WaitOnFlagUntilTimeout
</UL>
<BR>[Called By]<UL><LI><a href="#[269]">&gt;&gt;</a>&nbsp;&nbsp;&nbsp;USB_ProcessRX
<LI><a href="#[2bb]">&gt;&gt;</a>&nbsp;&nbsp;&nbsp;SET_WATCHDOG
<LI><a href="#[2b2]">&gt;&gt;</a>&nbsp;&nbsp;&nbsp;TSK_HT66StateMachine
<LI><a href="#[2ad]">&gt;&gt;</a>&nbsp;&nbsp;&nbsp;LIB_MemByteReadWrite
<LI><a href="#[2ac]">&gt;&gt;</a>&nbsp;&nbsp;&nbsp;LIB_TxRxBq20z45
</UL>

<P><STRONG><a name="[fc]"></a>HAL_I2C_Master_Transmit_Repeated_Start</STRONG> (Thumb, 410 bytes, Stack size 32 bytes, stm32f4xx_hal_i2c.o(.text))
<BR><BR>[Stack]<UL><LI>Max Depth = 96<LI>Call Chain = HAL_I2C_Master_Transmit_Repeated_Start &rArr; I2C_MasterRequestWrite &rArr; I2C_WaitOnFlagUntilTimeout
</UL>
<BR>[Calls]<UL><LI><a href="#[f8]">&gt;&gt;</a>&nbsp;&nbsp;&nbsp;I2C_WaitOnFlagUntilTimeout
<LI><a href="#[f7]">&gt;&gt;</a>&nbsp;&nbsp;&nbsp;I2C_MasterRequestWrite
</UL>
<BR>[Called By]<UL><LI><a href="#[269]">&gt;&gt;</a>&nbsp;&nbsp;&nbsp;USB_ProcessRX
</UL>

<P><STRONG><a name="[fd]"></a>HAL_I2C_Master_Receive_Repeated_Start</STRONG> (Thumb, 844 bytes, Stack size 32 bytes, stm32f4xx_hal_i2c.o(.text))
<BR><BR>[Stack]<UL><LI>Max Depth = 96<LI>Call Chain = HAL_I2C_Master_Receive_Repeated_Start &rArr; I2C_MasterRequestRead &rArr; I2C_WaitOnFlagUntilTimeout
</UL>
<BR>[Calls]<UL><LI><a href="#[fb]">&gt;&gt;</a>&nbsp;&nbsp;&nbsp;I2C_MasterRequestRead
<LI><a href="#[f8]">&gt;&gt;</a>&nbsp;&nbsp;&nbsp;I2C_WaitOnFlagUntilTimeout
</UL>
<BR>[Called By]<UL><LI><a href="#[269]">&gt;&gt;</a>&nbsp;&nbsp;&nbsp;USB_ProcessRX
</UL>

<P><STRONG><a name="[fe]"></a>HAL_I2C_Slave_Transmit</STRONG> (Thumb, 480 bytes, Stack size 32 bytes, stm32f4xx_hal_i2c.o(.text), UNUSED)
<BR><BR>[Calls]<UL><LI><a href="#[f8]">&gt;&gt;</a>&nbsp;&nbsp;&nbsp;I2C_WaitOnFlagUntilTimeout
</UL>

[...]
</UL>
<BR>[Calls]<UL><LI><a href="#[2f0]">&gt;&gt;</a>&nbsp;&nbsp;&nbsp;uip_send
</UL>
<BR>[Called By]<UL><LI><a href="#[2f1]">&gt;&gt;</a>&nbsp;&nbsp;&nbsp;psock_generator_send
<LI><a href="#[2ed]">&gt;&gt;</a>&nbsp;&nbsp;&nbsp;psock_send
</UL>

<P><STRONG><a name="[2f3]"></a>buf_setup</STRONG> (Thumb, 28 bytes, Stack size 12 bytes, psock.o(.text))
<BR><BR>[Stack]<UL><LI>Max Depth = 12<LI>Call Chain = buf_setup
</UL>
<BR>[Called By]<UL><LI><a href="#[2f9]">&gt;&gt;</a>&nbsp;&nbsp;&nbsp;psock_init
<LI><a href="#[2f7]">&gt;&gt;</a>&nbsp;&nbsp;&nbsp;psock_readbuf
<LI><a href="#[2f2]">&gt;&gt;</a>&nbsp;&nbsp;&nbsp;psock_readto
</UL>

<P><STRONG><a name="[2f5]"></a>buf_bufto</STRONG> (Thumb, 218 bytes, Stack size 28 bytes, psock.o(.text))
<BR><BR>[Stack]<UL><LI>Max Depth = 28<LI>Call Chain = buf_bufto
</UL>
<BR>[Called By]<UL><LI><a href="#[2f2]">&gt;&gt;</a>&nbsp;&nbsp;&nbsp;psock_readto
</UL>

<P><STRONG><a name="[2f8]"></a>buf_bufdata</STRONG> (Thumb, 234 bytes, Stack size 32 bytes, psock.o(.text), UNUSED)
<BR><BR>[Calls]<UL><LI><a href="#[259]">&gt;&gt;</a>&nbsp;&nbsp;&nbsp;__aeabi_memcpy
</UL>
<BR>[Called By]<UL><LI><a href="#[2f7]">&gt;&gt;</a>&nbsp;&nbsp;&nbsp;psock_readbuf
</UL>

<P><STRONG><a name="[304]"></a>uip_arp_update</STRONG> (Thumb, 524 bytes, Stack size 12 bytes, uip_arp.o(.text))
<BR><BR>[Stack]<UL><LI>Max Depth = 12<LI>Call Chain = uip_arp_update
</UL>
<BR>[Called By]<UL><LI><a href="#[305]">&gt;&gt;</a>&nbsp;&nbsp;&nbsp;uip_arp_arpin
<LI><a href="#[303]">&gt;&gt;</a>&nbsp;&nbsp;&nbsp;uip_arp_ipin
</UL>

<P><STRONG><a name="[309]"></a>SPI_DM9051_SendByte</STRONG> (Thumb, 56 bytes, Stack size 24 bytes, system_init.o(.text))
<BR><BR>[Stack]<UL><LI>Max Depth = 136<LI>Call Chain = SPI_DM9051_SendByte &rArr; HAL_SPI_Receive &rArr; HAL_SPI_TransmitReceive &rArr; SPI_WaitOnFlagUntilTimeout
</UL>
<BR>[Calls]<UL><LI><a href="#[16c]">&gt;&gt;</a>&nbsp;&nbsp;&nbsp;HAL_SPI_Receive
<LI><a href="#[16a]">&gt;&gt;</a>&nbsp;&nbsp;&nbsp;HAL_SPI_Transmit
</UL>
<BR>[Called By]<UL><LI><a href="#[308]">&gt;&gt;</a>&nbsp;&nbsp;&nbsp;DM9051_Free_Mem
</UL>

<P><STRONG><a name="[323]"></a>handle_dhcp</STRONG> (Thumb, 704 bytes, Stack size 16 bytes, dhcpc.o(.text))
<BR><BR>[Stack]<UL><LI>Max Depth = 136 + Unknown Stack Size
<LI>Call Chain = handle_dhcp &rArr; dhcpc_configured &rArr; DM9051_Write_Reg &rArr; HAL_SPI_Transmit &rArr; SPI_WaitOnFlagUntilTimeout
</UL>
<BR>[Calls]<UL><LI><a href="#[326]">&gt;&gt;</a>&nbsp;&nbsp;&nbsp;send_request
<LI><a href="#[325]">&gt;&gt;</a>&nbsp;&nbsp;&nbsp;parse_msg
<LI><a href="#[324]">&gt;&gt;</a>&nbsp;&nbsp;&nbsp;send_discover
<LI><a href="#[321]">&gt;&gt;</a>&nbsp;&nbsp;&nbsp;dhcpc_configured
<LI><a href="#[302]">&gt;&gt;</a>&nbsp;&nbsp;&nbsp;timer_expired
<LI><a href="#[2ff]">&gt;&gt;</a>&nbsp;&nbsp;&nbsp;timer_set
</UL>
<BR>[Called By]<UL><LI><a href="#[31e]">&gt;&gt;</a>&nbsp;&nbsp;&nbsp;dhcpc_appcall
<LI><a href="#[313]">&gt;&gt;</a>&nbsp;&nbsp;&nbsp;dhcpc_request
</UL>

<P><STRONG><a name="[324]"></a>send_discover</STRONG> (Thumb, 70 bytes, Stack size 24 bytes, dhcpc.o(.text))
<BR><BR>[Stack]<UL><LI>Max Depth = 48 + Unknown Stack Size
<LI>Call Chain = send_discover &rArr; create_msg
</UL>
<BR>[Calls]<UL><LI><a href="#[32a]">&gt;&gt;</a>&nbsp;&nbsp;&nbsp;add_end
<LI><a href="#[329]">&gt;&gt;</a>&nbsp;&nbsp;&nbsp;add_req_options
<LI><a href="#[328]">&gt;&gt;</a>&nbsp;&nbsp;&nbsp;add_msg_type
<LI><a href="#[327]">&gt;&gt;</a>&nbsp;&nbsp;&nbsp;create_msg
<LI><a href="#[2f0]">&gt;&gt;</a>&nbsp;&nbsp;&nbsp;uip_send
</UL>
<BR>[Called By]<UL><LI><a href="#[323]">&gt;&gt;</a>&nbsp;&nbsp;&nbsp;handle_dhcp
</UL>

<P><STRONG><a name="[325]"></a>parse_msg</STRONG> (Thumb, 124 bytes, Stack size 16 bytes, dhcpc.o(.text))
<BR><BR>[Stack]<UL><LI>Max Depth = 40<LI>Call Chain = parse_msg &rArr; parse_options
</UL>
<BR>[Calls]<UL><LI><a href="#[32c]">&gt;&gt;</a>&nbsp;&nbsp;&nbsp;parse_options
<LI><a href="#[32b]">&gt;&gt;</a>&nbsp;&nbsp;&nbsp;memcmp
</UL>
<BR>[Called By]<UL><LI><a href="#[323]">&gt;&gt;</a>&nbsp;&nbsp;&nbsp;handle_dhcp
</UL>

<P><STRONG><a name="[326]"></a>send_request</STRONG> (Thumb, 78 bytes, Stack size 24 bytes, dhcpc.o(.text))
<BR><BR>[Stack]<UL><LI>Max Depth = 48 + Unknown Stack Size
<LI>Call Chain = send_request &rArr; create_msg
</UL>
<BR>[Calls]<UL><LI><a href="#[32e]">&gt;&gt;</a>&nbsp;&nbsp;&nbsp;add_req_ipaddr
<LI><a href="#[32d]">&gt;&gt;</a>&nbsp;&nbsp;&nbsp;add_server_id
<LI><a href="#[32a]">&gt;&gt;</a>&nbsp;&nbsp;&nbsp;add_end
<LI><a href="#[328]">&gt;&gt;</a>&nbsp;&nbsp;&nbsp;add_msg_type
<LI><a href="#[327]">&gt;&gt;</a>&nbsp;&nbsp;&nbsp;create_msg
<LI><a href="#[2f0]">&gt;&gt;</a>&nbsp;&nbsp;&nbsp;uip_send
</UL>
<BR>[Called By]<UL><LI><a href="#[323]">&gt;&gt;</a>&nbsp;&nbsp;&nbsp;handle_dhcp
</UL>

<P><STRONG><a name="[327]"></a>create_msg</STRONG> (Thumb, 156 bytes, Stack size 24 bytes, dhcpc.o(.text))
<BR><BR>[Stack]<UL><LI>Max Depth = 24 + Unknown Stack Size
<LI>Call Chain = create_msg
</UL>
<BR>[Calls]<UL><LI><a href="#[25a]">&gt;&gt;</a>&nbsp;&nbsp;&nbsp;__aeabi_memclr
<LI><a href="#[259]">&gt;&gt;</a>&nbsp;&nbsp;&nbsp;__aeabi_memcpy
</UL>
<BR>[Called By]<UL><LI><a href="#[326]">&gt;&gt;</a>&nbsp;&nbsp;&nbsp;send_request
<LI><a href="#[324]">&gt;&gt;</a>&nbsp;&nbsp;&nbsp;send_discover
</UL>

<P><STRONG><a name="[328]"></a>add_msg_type</STRONG> (Thumb, 46 bytes, Stack size 8 bytes, dhcpc.o(.text))
<BR><BR>[Stack]<UL><LI>Max Depth = 8<LI>Call Chain = add_msg_type
</UL>
<BR>[Called By]<UL><LI><a href="#[326]">&gt;&gt;</a>&nbsp;&nbsp;&nbsp;send_request
<LI><a href="#[324]">&gt;&gt;</a>&nbsp;&nbsp;&nbsp;send_discover
</UL>

<P><STRONG><a name="[329]"></a>add_req_options</STRONG> (Thumb, 58 bytes, Stack size 4 bytes, dhcpc.o(.text))
<BR><BR>[Stack]<UL><LI>Max Depth = 4<LI>Call Chain = add_req_options
</UL>
<BR>[Called By]<UL><LI><a href="#[324]">&gt;&gt;</a>&nbsp;&nbsp;&nbsp;send_discover
</UL>

<P><STRONG><a name="[32a]"></a>add_end</STRONG> (Thumb, 20 bytes, Stack size 4 bytes, dhcpc.o(.text))
<BR><BR>[Stack]<UL><LI>Max Depth = 4<LI>Call Chain = add_end
</UL>
<BR>[Called By]<UL><LI><a href="#[326]">&gt;&gt;</a>&nbsp;&nbsp;&nbsp;send_request
<LI><a href="#[324]">&gt;&gt;</a>&nbsp;&nbsp;&nbsp;send_discover
</UL>

<P><STRONG><a name="[32c]"></a>parse_options</STRONG> (Thumb, 248 bytes, Stack size 24 bytes, dhcpc.o(.text))
<BR><BR>[Stack]<UL><LI>Max Depth = 24<LI>Call Chain = parse_options
</UL>
<BR>[Called By]<UL><LI><a href="#[325]">&gt;&gt;</a>&nbsp;&nbsp;&nbsp;parse_msg
</UL>

<P><STRONG><a name="[32d]"></a>add_server_id</STRONG> (Thumb, 48 bytes, Stack size 4 bytes, dhcpc.o(.text))
<BR><BR>[Stack]<UL><LI>Max Depth = 4<LI>Call Chain = add_server_id
</UL>
<BR>[Called By]<UL><LI><a href="#[326]">&gt;&gt;</a>&nbsp;&nbsp;&nbsp;send_request
</UL>

<P><STRONG><a name="[32e]"></a>add_req_ipaddr</STRONG> (Thumb, 48 bytes, Stack size 4 bytes, dhcpc.o(.text))
<BR><BR>[Stack]<UL><LI>Max Depth = 4<LI>Call Chain = add_req_ipaddr
</UL>
<BR>[Called By]<UL><LI><a href="#[326]">&gt;&gt;</a>&nbsp;&nbsp;&nbsp;send_request
</UL>

<P><STRONG><a name="[32f]"></a>check_entries</STRONG> (Thumb, 448 bytes, Stack size 40 bytes, resolv.o(.text))
<BR><BR>[Stack]<UL><LI>Max Depth = 56<LI>Call Chain = check_entries &rArr; uip_send
</UL>
<BR>[Calls]<UL><LI><a href="#[331]">&gt;&gt;</a>&nbsp;&nbsp;&nbsp;resolv_found
<LI><a href="#[314]">&gt;&gt;</a>&nbsp;&nbsp;&nbsp;htons
<LI><a href="#[2f0]">&gt;&gt;</a>&nbsp;&nbsp;&nbsp;uip_send
</UL>
<BR>[Called By]<UL><LI><a href="#[31d]">&gt;&gt;</a>&nbsp;&nbsp;&nbsp;resolv_appcall
</UL>

<P><STRONG><a name="[330]"></a>newdata</STRONG> (Thumb, 338 bytes, Stack size 32 bytes, resolv.o(.text))
<BR><BR>[Stack]<UL><LI>Max Depth = 40<LI>Call Chain = newdata &rArr; parse_name
</UL>
<BR>[Calls]<UL><LI><a href="#[332]">&gt;&gt;</a>&nbsp;&nbsp;&nbsp;parse_name
<LI><a href="#[331]">&gt;&gt;</a>&nbsp;&nbsp;&nbsp;resolv_found
<LI><a href="#[314]">&gt;&gt;</a>&nbsp;&nbsp;&nbsp;htons
</UL>
<BR>[Called By]<UL><LI><a href="#[31d]">&gt;&gt;</a>&nbsp;&nbsp;&nbsp;resolv_appcall
</UL>

<P><STRONG><a name="[332]"></a>parse_name</STRONG> (Thumb, 68 bytes, Stack size 8 bytes, resolv.o(.text))
<BR><BR>[Stack]<UL><LI>Max Depth = 8<LI>Call Chain = parse_name
</UL>
<BR>[Called By]<UL><LI><a href="#[330]">&gt;&gt;</a>&nbsp;&nbsp;&nbsp;newdata
</UL>

<P><STRONG><a name="[339]"></a>_DM9051_Delay_ms</STRONG> (Thumb, 62 bytes, Stack size 12 bytes, dm9051115.o(.text))
<BR><BR>[Stack]<UL><LI>Max Depth = 12<LI>Call Chain = _DM9051_Delay_ms
</UL>
<BR>[Called By]<UL><LI><a href="#[2fa]">&gt;&gt;</a>&nbsp;&nbsp;&nbsp;DM9051_Init
</UL>

<P><STRONG><a name="[33a]"></a>_DM9051_Delay</STRONG> (Thumb, 22 bytes, Stack size 4 bytes, dm9051115.o(.text))
<BR><BR>[Stack]<UL><LI>Max Depth = 4<LI>Call Chain = _DM9051_Delay
</UL>
<BR>[Called By]<UL><LI><a href="#[341]">&gt;&gt;</a>&nbsp;&nbsp;&nbsp;phy_write
<LI><a href="#[33c]">&gt;&gt;</a>&nbsp;&nbsp;&nbsp;phy_read
<LI><a href="#[33b]">&gt;&gt;</a>&nbsp;&nbsp;&nbsp;phy_mode_set
<LI><a href="#[2fe]">&gt;&gt;</a>&nbsp;&nbsp;&nbsp;DM9051_TX
<LI><a href="#[2fc]">&gt;&gt;</a>&nbsp;&nbsp;&nbsp;DM9051_RX
<LI><a href="#[2fa]">&gt;&gt;</a>&nbsp;&nbsp;&nbsp;DM9051_Init
</UL>

<P><STRONG><a name="[33b]"></a>phy_mode_set</STRONG> (Thumb, 168 bytes, Stack size 24 bytes, dm9051115.o(.text))
<BR><BR>[Stack]<UL><LI>Max Depth = 184<LI>Call Chain = phy_mode_set &rArr; phy_write &rArr; DM9051_Read_Reg &rArr; HAL_SPI_Receive &rArr; HAL_SPI_TransmitReceive &rArr; SPI_WaitOnFlagUntilTimeout
</UL>
<BR>[Calls]<UL><LI><a href="#[341]">&gt;&gt;</a>&nbsp;&nbsp;&nbsp;phy_write
<LI><a href="#[33a]">&gt;&gt;</a>&nbsp;&nbsp;&nbsp;_DM9051_Delay
</UL>
<BR>[Called By]<UL><LI><a href="#[2fa]">&gt;&gt;</a>&nbsp;&nbsp;&nbsp;DM9051_Init
</UL>

<P><STRONG><a name="[33c]"></a>phy_read</STRONG> (Thumb, 92 bytes, Stack size 24 bytes, dm9051115.o(.text))
<BR><BR>[Stack]<UL><LI>Max Depth = 168<LI>Call Chain = phy_read &rArr; DM9051_Read_Reg &rArr; HAL_SPI_Receive &rArr; HAL_SPI_TransmitReceive &rArr; SPI_WaitOnFlagUntilTimeout
</UL>
<BR>[Calls]<UL><LI><a href="#[33a]">&gt;&gt;</a>&nbsp;&nbsp;&nbsp;_DM9051_Delay
<LI><a href="#[30b]">&gt;&gt;</a>&nbsp;&nbsp;&nbsp;DM9051_Write_Reg
<LI><a href="#[30a]">&gt;&gt;</a>&nbsp;&nbsp;&nbsp;DM9051_Read_Reg
</UL>
<BR>[Called By]<UL><LI><a href="#[2fa]">&gt;&gt;</a>&nbsp;&nbsp;&nbsp;DM9051_Init
</UL>

<P><STRONG><a name="[341]"></a>phy_write</STRONG> (Thumb, 88 bytes, Stack size 16 bytes, dm9051115.o(.text))
<BR><BR>[Stack]<UL><LI>Max Depth = 160<LI>Call Chain = phy_write &rArr; DM9051_Read_Reg &rArr; HAL_SPI_Receive &rArr; HAL_SPI_TransmitReceive &rArr; SPI_WaitOnFlagUntilTimeout
</UL>
<BR>[Calls]<UL><LI><a href="#[33a]">&gt;&gt;</a>&nbsp;&nbsp;&nbsp;_DM9051_Delay
<LI><a href="#[30b]">&gt;&gt;</a>&nbsp;&nbsp;&nbsp;DM9051_Write_Reg
<LI><a href="#[30a]">&gt;&gt;</a>&nbsp;&nbsp;&nbsp;DM9051_Read_Reg
</UL>
<BR>[Called By]<UL><LI><a href="#[33b]">&gt;&gt;</a>&nbsp;&nbsp;&nbsp;phy_mode_set
</UL>

<P><STRONG><a name="[343]"></a>chksum</STRONG> (Thumb, 172 bytes, Stack size 20 bytes, uip115.o(.text))
<BR><BR>[Stack]<UL><LI>Max Depth = 20<LI>Call Chain = chksum
</UL>
<BR>[Called By]<UL><LI><a href="#[346]">&gt;&gt;</a>&nbsp;&nbsp;&nbsp;upper_layer_chksum
<LI><a href="#[344]">&gt;&gt;</a>&nbsp;&nbsp;&nbsp;uip_ipchksum
<LI><a href="#[342]">&gt;&gt;</a>&nbsp;&nbsp;&nbsp;uip_chksum
</UL>

<P><STRONG><a name="[346]"></a>upper_layer_chksum</STRONG> (Thumb, 118 bytes, Stack size 24 bytes, uip115.o(.text))
<BR><BR>[Stack]<UL><LI>Max Depth = 44<LI>Call Chain = upper_layer_chksum &rArr; chksum
</UL>
<BR>[Calls]<UL><LI><a href="#[343]">&gt;&gt;</a>&nbsp;&nbsp;&nbsp;chksum
<LI><a href="#[314]">&gt;&gt;</a>&nbsp;&nbsp;&nbsp;htons
</UL>
<BR>[Called By]<UL><LI><a href="#[347]">&gt;&gt;</a>&nbsp;&nbsp;&nbsp;uip_udpchksum
<LI><a href="#[345]">&gt;&gt;</a>&nbsp;&nbsp;&nbsp;uip_tcpchksum
</UL>

<P><STRONG><a name="[349]"></a>uip_add_rcv_nxt</STRONG> (Thumb, 68 bytes, Stack size 16 bytes, uip115.o(.text))
<BR><BR>[Stack]<UL><LI>Max Depth = 24<LI>Call Chain = uip_add_rcv_nxt &rArr; uip_add32
</UL>
<BR>[Calls]<UL><LI><a href="#[34a]">&gt;&gt;</a>&nbsp;&nbsp;&nbsp;uip_add32
</UL>
<BR>[Called By]<UL><LI><a href="#[315]">&gt;&gt;</a>&nbsp;&nbsp;&nbsp;uip_process
</UL>

<P><STRONG><a name="[74]"></a>nullfunction</STRONG> (Thumb, 38 bytes, Stack size 12 bytes, httpd-cgi.o(.text))
<BR><BR>[Stack]<UL><LI>Max Depth = 12<LI>Call Chain = nullfunction
</UL>
<BR>[Address Reference Count : 1]<UL><LI> httpd-cgi.o(.text)
</UL>
<P><STRONG><a name="[7a]"></a>sys_stats</STRONG> (Thumb, 138 bytes, Stack size 32 bytes, httpd-cgi.o(.text))
<BR><BR>[Stack]<UL><LI>Max Depth = 104<LI>Call Chain = sys_stats &rArr; psock_generator_send &rArr; send_data &rArr; uip_send
</UL>
<BR>[Calls]<UL><LI><a href="#[2f1]">&gt;&gt;</a>&nbsp;&nbsp;&nbsp;psock_generator_send
</UL>
<BR>[Address Reference Count : 1]<UL><LI> httpd-cgi.o(.rodata.sys)
</UL>
<P><STRONG><a name="[75]"></a>generate_sys_stats</STRONG> (Thumb, 214 bytes, Stack size 144 bytes, httpd-cgi.o(.text))
<BR><BR>[Stack]<UL><LI>Max Depth = 280 + Unknown Stack Size
<LI>Call Chain = generate_sys_stats &rArr; snprintf &rArr; _printf_char_common &rArr; __printf
</UL>
<BR>[Calls]<UL><LI><a href="#[34e]">&gt;&gt;</a>&nbsp;&nbsp;&nbsp;snprintf
</UL>
<BR>[Address Reference Count : 1]<UL><LI> httpd-cgi.o(.text)
</UL>
<P><STRONG><a name="[350]"></a>httpd_fs_strcmp</STRONG> (Thumb, 108 bytes, Stack size 16 bytes, httpd-fs.o(.text))
<BR><BR>[Stack]<UL><LI>Max Depth = 16<LI>Call Chain = httpd_fs_strcmp
</UL>
<BR>[Called By]<UL><LI><a href="#[351]">&gt;&gt;</a>&nbsp;&nbsp;&nbsp;httpd_fs_count
<LI><a href="#[34f]">&gt;&gt;</a>&nbsp;&nbsp;&nbsp;httpd_fs_open
</UL>

<P><STRONG><a name="[352]"></a>handle_connection</STRONG> (Thumb, 36 bytes, Stack size 16 bytes, httpd115.o(.text))
<BR><BR>[Stack]<UL><LI>Max Depth = 216 + Unknown Stack Size
<LI>Call Chain = handle_connection &rArr; handle_output &rArr; send_headers &rArr; psock_send &rArr; send_data &rArr; uip_send
</UL>
<BR>[Calls]<UL><LI><a href="#[354]">&gt;&gt;</a>&nbsp;&nbsp;&nbsp;handle_output
<LI><a href="#[353]">&gt;&gt;</a>&nbsp;&nbsp;&nbsp;handle_input
</UL>
<BR>[Called By]<UL><LI><a href="#[31b]">&gt;&gt;</a>&nbsp;&nbsp;&nbsp;httpd_appcall
</UL>

<P><STRONG><a name="[353]"></a>handle_input</STRONG> (Thumb, 470 bytes, Stack size 64 bytes, httpd115.o(.text))
<BR><BR>[Stack]<UL><LI>Max Depth = 116 + Unknown Stack Size
<LI>Call Chain = handle_input &rArr; psock_readto &rArr; buf_bufto
</UL>
<BR>[Calls]<UL><LI><a href="#[2f2]">&gt;&gt;</a>&nbsp;&nbsp;&nbsp;psock_readto
<LI><a href="#[2f6]">&gt;&gt;</a>&nbsp;&nbsp;&nbsp;psock_datalen
<LI><a href="#[357]">&gt;&gt;</a>&nbsp;&nbsp;&nbsp;strncpy
<LI><a href="#[259]">&gt;&gt;</a>&nbsp;&nbsp;&nbsp;__aeabi_memcpy
<LI><a href="#[34d]">&gt;&gt;</a>&nbsp;&nbsp;&nbsp;strncmp
<LI><a href="#[356]">&gt;&gt;</a>&nbsp;&nbsp;&nbsp;strstr
</UL>
<BR>[Called By]<UL><LI><a href="#[352]">&gt;&gt;</a>&nbsp;&nbsp;&nbsp;handle_connection
</UL>

<P><STRONG><a name="[354]"></a>handle_output</STRONG> (Thumb, 402 bytes, Stack size 32 bytes, httpd115.o(.text))
<BR><BR>[Stack]<UL><LI>Max Depth = 200<LI>Call Chain = handle_output &rArr; send_headers &rArr; psock_send &rArr; send_data &rArr; uip_send
</UL>
<BR>[Calls]<UL><LI><a href="#[35b]">&gt;&gt;</a>&nbsp;&nbsp;&nbsp;handle_script
<LI><a href="#[359]">&gt;&gt;</a>&nbsp;&nbsp;&nbsp;send_file
<LI><a href="#[358]">&gt;&gt;</a>&nbsp;&nbsp;&nbsp;send_headers
<LI><a href="#[34f]">&gt;&gt;</a>&nbsp;&nbsp;&nbsp;httpd_fs_open
<LI><a href="#[34d]">&gt;&gt;</a>&nbsp;&nbsp;&nbsp;strncmp
<LI><a href="#[334]">&gt;&gt;</a>&nbsp;&nbsp;&nbsp;strcpy
<LI><a href="#[35a]">&gt;&gt;</a>&nbsp;&nbsp;&nbsp;strchr
</UL>
<BR>[Called By]<UL><LI><a href="#[352]">&gt;&gt;</a>&nbsp;&nbsp;&nbsp;handle_connection
</UL>

<P><STRONG><a name="[358]"></a>send_headers</STRONG> (Thumb, 716 bytes, Stack size 96 bytes, httpd115.o(.text))
<BR><BR>[Stack]<UL><LI>Max Depth = 168<LI>Call Chain = send_headers &rArr; psock_send &rArr; send_data &rArr; uip_send
</UL>
<BR>[Calls]<UL><LI><a href="#[2ed]">&gt;&gt;</a>&nbsp;&nbsp;&nbsp;psock_send
<LI><a href="#[34d]">&gt;&gt;</a>&nbsp;&nbsp;&nbsp;strncmp
<LI><a href="#[34c]">&gt;&gt;</a>&nbsp;&nbsp;&nbsp;strlen
<LI><a href="#[35c]">&gt;&gt;</a>&nbsp;&nbsp;&nbsp;strrchr
</UL>
<BR>[Called By]<UL><LI><a href="#[354]">&gt;&gt;</a>&nbsp;&nbsp;&nbsp;handle_output
</UL>

<P><STRONG><a name="[359]"></a>send_file</STRONG> (Thumb, 150 bytes, Stack size 24 bytes, httpd115.o(.text))
<BR><BR>[Stack]<UL><LI>Max Depth = 96<LI>Call Chain = send_file &rArr; psock_generator_send &rArr; send_data &rArr; uip_send
</UL>
<BR>[Calls]<UL><LI><a href="#[2f1]">&gt;&gt;</a>&nbsp;&nbsp;&nbsp;psock_generator_send
</UL>
<BR>[Called By]<UL><LI><a href="#[35b]">&gt;&gt;</a>&nbsp;&nbsp;&nbsp;handle_script
<LI><a href="#[354]">&gt;&gt;</a>&nbsp;&nbsp;&nbsp;handle_output
</UL>

<P><STRONG><a name="[35b]"></a>handle_script</STRONG> (Thumb, 542 bytes, Stack size 32 bytes, httpd115.o(.text))
<BR><BR>[Stack]<UL><LI>Max Depth = 128<LI>Call Chain = handle_script &rArr; send_part_of_file &rArr; psock_send &rArr; send_data &rArr; uip_send
</UL>
<BR>[Calls]<UL><LI><a href="#[35e]">&gt;&gt;</a>&nbsp;&nbsp;&nbsp;send_part_of_file
<LI><a href="#[35d]">&gt;&gt;</a>&nbsp;&nbsp;&nbsp;next_scriptstate
<LI><a href="#[359]">&gt;&gt;</a>&nbsp;&nbsp;&nbsp;send_file
<LI><a href="#[34f]">&gt;&gt;</a>&nbsp;&nbsp;&nbsp;httpd_fs_open
<LI><a href="#[34b]">&gt;&gt;</a>&nbsp;&nbsp;&nbsp;httpd_cgi
<LI><a href="#[35a]">&gt;&gt;</a>&nbsp;&nbsp;&nbsp;strchr
</UL>
<BR>[Called By]<UL><LI><a href="#[354]">&gt;&gt;</a>&nbsp;&nbsp;&nbsp;handle_output
</UL>

<P><STRONG><a name="[76]"></a>generate_part_of_file</STRONG> (Thumb, 100 bytes, Stack size 16 bytes, httpd115.o(.text))
<BR><BR>[Stack]<UL><LI>Max Depth = 16<LI>Call Chain = generate_part_of_file
</UL>
<BR>[Calls]<UL><LI><a href="#[259]">&gt;&gt;</a>&nbsp;&nbsp;&nbsp;__aeabi_memcpy
</UL>
<BR>[Address Reference Count : 1]<UL><LI> httpd115.o(.text)
</UL>
<P><STRONG><a name="[35d]"></a>next_scriptstate</STRONG> (Thumb, 56 bytes, Stack size 16 bytes, httpd115.o(.text))
<BR><BR>[Stack]<UL><LI>Max Depth = 16<LI>Call Chain = next_scriptstate
</UL>
<BR>[Calls]<UL><LI><a href="#[35a]">&gt;&gt;</a>&nbsp;&nbsp;&nbsp;strchr
</UL>
<BR>[Called By]<UL><LI><a href="#[35b]">&gt;&gt;</a>&nbsp;&nbsp;&nbsp;handle_script
</UL>

<P><STRONG><a name="[35e]"></a>send_part_of_file</STRONG> (Thumb, 102 bytes, Stack size 24 bytes, httpd115.o(.text))
<BR><BR>[Stack]<UL><LI>Max Depth = 96<LI>Call Chain = send_part_of_file &rArr; psock_send &rArr; send_data &rArr; uip_send
</UL>
<BR>[Calls]<UL><LI><a href="#[2ed]">&gt;&gt;</a>&nbsp;&nbsp;&nbsp;psock_send
</UL>
<BR>[Called By]<UL><LI><a href="#[35b]">&gt;&gt;</a>&nbsp;&nbsp;&nbsp;handle_script
</UL>

<P><STRONG><a name="[39c]"></a>_dadd1</STRONG> (Thumb, 0 bytes, Stack size unknown bytes, daddsub_clz.o(x$fpl$dadd), UNUSED)
<BR><BR>[Called By]<UL><LI><a href="#[39b]">&gt;&gt;</a>&nbsp;&nbsp;&nbsp;_dsub
</UL>

<P><STRONG><a name="[392]"></a>_dsub1</STRONG> (Thumb, 0 bytes, Stack size unknown bytes, daddsub_clz.o(x$fpl$dsub), UNUSED)
<BR><BR>[Called By]<UL><LI><a href="#[391]">&gt;&gt;</a>&nbsp;&nbsp;&nbsp;_dadd
</UL>

<P><STRONG><a name="[78]"></a>_printf_input_char</STRONG> (Thumb, 10 bytes, Stack size 0 bytes, _printf_char_common.o(.text))
<BR>[Address Reference Count : 1]<UL><LI> _printf_char_common.o(.text)
</UL>
<P><STRONG><a name="[378]"></a>_fp_digits</STRONG> (Thumb, 432 bytes, Stack size 96 bytes, _printf_fp_dec.o(.text))
<BR><BR>[Stack]<UL><LI>Max Depth = 220<LI>Call Chain = _fp_digits &rArr; _btod_etento &rArr; _btod_emul &rArr; _e2e
</UL>
<BR>[Calls]<UL><LI><a href="#[379]">&gt;&gt;</a>&nbsp;&nbsp;&nbsp;_btod_etento
<LI><a href="#[373]">&gt;&gt;</a>&nbsp;&nbsp;&nbsp;_ll_udiv10
<LI><a href="#[37c]">&gt;&gt;</a>&nbsp;&nbsp;&nbsp;_btod_emul
<LI><a href="#[37b]">&gt;&gt;</a>&nbsp;&nbsp;&nbsp;_btod_ediv
<LI><a href="#[37a]">&gt;&gt;</a>&nbsp;&nbsp;&nbsp;_btod_d2e
</UL>
<BR>[Called By]<UL><LI><a href="#[37d]">&gt;&gt;</a>&nbsp;&nbsp;&nbsp;_printf_fp_dec_real
</UL>
<P>
<H3>
Undefined Global Symbols
</H3><HR></body></html>
