<html>
<body>
<pre>
<h1>µVision Build Log</h1>
<h2>Project:</h2>
D:\Workzone\20_SourceCode\03_FSP550\BMC\Application\Application.uvproj
Project File Date:  08/26/2014

<h2>Output:</h2>
Rebuild target 'Application'
assembling startup_stm32f401xc.s...
compiling stm32f4xx_hal.c...
compiling stm32f4xx_hal_adc.c...
compiling stm32f4xx_hal_adc_ex.c...
compiling stm32f4xx_hal_cortex.c...
compiling stm32f4xx_hal_dma.c...
compiling stm32f4xx_hal_gpio.c...
compiling stm32f4xx_hal_i2c.c...
compiling stm32f4xx_hal_pcd.c...
compiling stm32f4xx_hal_pcd_ex.c...
compiling stm32f4xx_hal_pwr.c...
compiling stm32f4xx_hal_rcc.c...
compiling stm32f4xx_hal_spi.c...
compiling stm32f4xx_hal_tim.c...
compiling stm32f4xx_hal_tim_ex.c...
compiling stm32f4xx_ll_usb.c...
compiling usbd_core.c...
compiling usbd_ctlreq.c...
compiling usbd_ioreq.c...
compiling usbd_hid.c...
compiling main.c...
compiling stm32f4xx_it.c...
compiling system_stm32f4xx.c...
compiling usbd_conf.c...
compiling usbd_desc.c...
compiling ZX_GLOBAL_VAR.c...
compiling ZX_LIB.c...
linking...
Program Size: Code=49750 RO-data=454 RW-data=296 ZI-data=3912  
After Build - User command #1: fromelf --bin --output ./Output/Application.bin ./Output/Application.axf
".\Output\Application.axf" - 0 Error(s), 0 Warning(s).
n file './Output/Application.axf': No such file or directory
Finished: 0 information, 0 warning and 1 error messages.
".\Application.axf" - 0 Error(s), 0 Warning(s).
rror:  #35: #error directive: "Please select first the target STM32F4xx device used in your application (in stm32f4xx.h file)"
   #error "Please select first the target STM32F4xx device used in your application (in stm32f4xx.h file)"
Driver\STM32F4xx_HAL_Driver\Src\stm32f4xx_hal_cortex.c: 0 warnings, 1 error
compiling stm32f4xx_hal_dma.c...
.\Driver\CMSIS\Inc\stm32f4xx.h(144): error:  #35: #error directive: "Please select first the target STM32F4xx device used in your application (in stm32f4xx.h file)"
   #error "Please select first the target STM32F4xx device used in your application (in stm32f4xx.h file)"
Driver\STM32F4xx_HAL_Driver\Src\stm32f4xx_hal_dma.c: 0 warnings, 1 error
compiling stm32f4xx_hal_gpio.c...
.\Driver\CMSIS\Inc\stm32f4xx.h(144): error:  #35: #error directive: "Please select first the target STM32F4xx device used in your application (in stm32f4xx.h file)"
   #error "Please select first the target STM32F4xx device used in your application (in stm32f4xx.h file)"
Driver\STM32F4xx_HAL_Driver\Src\stm32f4xx_hal_gpio.c: 0 warnings, 1 error
compiling stm32f4xx_hal_i2c.c...
.\Driver\CMSIS\Inc\stm32f4xx.h(144): error:  #35: #error directive: "Please select first the target STM32F4xx device used in your application (in stm32f4xx.h file)"
   #error "Please select first the target STM32F4xx device used in your application (in stm32f4xx.h file)"
Driver\STM32F4xx_HAL_Driver\Src\stm32f4xx_hal_i2c.c: 0 warnings, 1 error
compiling stm32f4xx_hal_pcd.c...
.\Driver\CMSIS\Inc\stm32f4xx.h(144): error:  #35: #error directive: "Please select first the target STM32F4xx device used in your application (in stm32f4xx.h file)"
   #error "Please select first the target STM32F4xx device used in your application (in stm32f4xx.h file)"
Driver\STM32F4xx_HAL_Driver\Src\stm32f4xx_hal_pcd.c: 0 warnings, 1 error
compiling stm32f4xx_hal_pcd_ex.c...
.\Driver\CMSIS\Inc\stm32f4xx.h(144): error:  #35: #error directive: "Please select first the target STM32F4xx device used in your application (in stm32f4xx.h file)"
   #error "Please select first the target STM32F4xx device used in your application (in stm32f4xx.h file)"
Driver\STM32F4xx_HAL_Driver\Src\stm32f4xx_hal_pcd_ex.c: 0 warnings, 1 error
compiling stm32f4xx_hal_pwr.c...
.\Driver\CMSIS\Inc\stm32f4xx.h(144): error:  #35: #error directive: "Please select first the target STM32F4xx device used in your application (in stm32f4xx.h file)"
   #error "Please select first the target STM32F4xx device used in your application (in stm32f4xx.h file)"
Driver\STM32F4xx_HAL_Driver\Src\stm32f4xx_hal_pwr.c: 0 warnings, 1 error
compiling stm32f4xx_hal_rcc.c...
.\Driver\CMSIS\Inc\stm32f4xx.h(144): error:  #35: #error directive: "Please select first the target STM32F4xx device used in your application (in stm32f4xx.h file)"
   #error "Please select first the target STM32F4xx device used in your application (in stm32f4xx.h file)"
Driver\STM32F4xx_HAL_Driver\Src\stm32f4xx_hal_rcc.c: 0 warnings, 1 error
compiling stm32f4xx_hal_spi.c...
.\Driver\CMSIS\Inc\stm32f4xx.h(144): error:  #35: #error directive: "Please select first the target STM32F4xx device used in your application (in stm32f4xx.h file)"
   #error "Please select first the target STM32F4xx device used in your application (in stm32f4xx.h file)"
Driver\STM32F4xx_HAL_Driver\Src\stm32f4xx_hal_spi.c: 0 warnings, 1 error
compiling stm32f4xx_hal_tim.c...
.\Driver\CMSIS\Inc\stm32f4xx.h(144): error:  #35: #error directive: "Please select first the target STM32F4xx device used in your application (in stm32f4xx.h file)"
   #error "Please select first the target STM32F4xx device used in your application (in stm32f4xx.h file)"
Driver\STM32F4xx_HAL_Driver\Src\stm32f4xx_hal_tim.c: 0 warnings, 1 error
compiling stm32f4xx_hal_tim_ex.c...
.\Driver\CMSIS\Inc\stm32f4xx.h(144): error:  #35: #error directive: "Please select first the target STM32F4xx device used in your application (in stm32f4xx.h file)"
   #error "Please select first the target STM32F4xx device used in your application (in stm32f4xx.h file)"
Driver\STM32F4xx_HAL_Driver\Src\stm32f4xx_hal_tim_ex.c: 0 warnings, 1 error
compiling stm32f4xx_ll_usb.c...
.\Driver\CMSIS\Inc\stm32f4xx.h(144): error:  #35: #error directive: "Please select first the target STM32F4xx device used in your application (in stm32f4xx.h file)"
   #error "Please select first the target STM32F4xx device used in your application (in stm32f4xx.h file)"
Driver\STM32F4xx_HAL_Driver\Src\stm32f4xx_ll_usb.c: 0 warnings, 1 error
compiling usbd_core.c...
compiling usbd_ctlreq.c...
compiling usbd_ioreq.c...
compiling usbd_hid.c...
compiling main.c...
.\Driver\CMSIS\Inc\stm32f4xx.h(144): error:  #35: #error directive: "Please select first the target STM32F4xx device used in your application (in stm32f4xx.h file)"
   #error "Please select first the target STM32F4xx device used in your application (in stm32f4xx.h file)"
SourceCode\Src\main.c: 0 warnings, 1 error
compiling stm32f4xx_it.c...
.\Driver\CMSIS\Inc\stm32f4xx.h(144): error:  #35: #error directive: "Please select first the target STM32F4xx device used in your application (in stm32f4xx.h file)"
   #error "Please select first the target STM32F4xx device used in your application (in stm32f4xx.h file)"
SourceCode\Src\stm32f4xx_it.c: 0 warnings, 1 error
compiling system_stm32f4xx.c...
.\Driver\CMSIS\Inc\stm32f4xx.h(144): error:  #35: #error directive: "Please select first the target STM32F4xx device used in your application (in stm32f4xx.h file)"
   #error "Please select first the target STM32F4xx device used in your application (in stm32f4xx.h file)"
SourceCode\Src\system_stm32f4xx.c: 0 warnings, 1 error
compiling usbd_conf.c...
compiling usbd_desc.c...
compiling ZX_GLOBAL_VAR.c...
.\Driver\CMSIS\Inc\stm32f4xx.h(144): error:  #35: #error directive: "Please select first the target STM32F4xx device used in your application (in stm32f4xx.h file)"
   #error "Please select first the target STM32F4xx device used in your application (in stm32f4xx.h file)"
SourceCode\Src\ZX_GLOBAL_VAR.c: 0 warnings, 1 error
compiling ZX_LIB.c...
.\Driver\CMSIS\Inc\stm32f4xx.h(144): error:  #35: #error directive: "Please select first the target STM32F4xx device used in your application (in stm32f4xx.h file)"
   #error "Please select first the target STM32F4xx device used in your application (in stm32f4xx.h file)"
SourceCode\Src\ZX_LIB.c: 0 warnings, 1 error
".\Application.axf" - 20 Error(s), 0 Warning(s).
Target not created
